C:/Development/RTOS/stm32_labs/shared/Src/syscall.c:19:6:initialise_monitor_handles	4	static
C:/Development/RTOS/stm32_labs/shared/Src/syscall.c:21:5:_getpid	4	static
C:/Development/RTOS/stm32_labs/shared/Src/syscall.c:23:5:_kill	16	static
C:/Development/RTOS/stm32_labs/shared/Src/syscall.c:25:6:_exit	16	static
C:/Development/RTOS/stm32_labs/shared/Src/syscall.c:27:27:_read	32	static
C:/Development/RTOS/stm32_labs/shared/Src/syscall.c:34:27:_write	32	static
C:/Development/RTOS/stm32_labs/shared/Src/syscall.c:41:5:_close	16	static
C:/Development/RTOS/stm32_labs/shared/Src/syscall.c:42:5:_fstat	16	static
C:/Development/RTOS/stm32_labs/shared/Src/syscall.c:43:5:_isatty	16	static
C:/Development/RTOS/stm32_labs/shared/Src/syscall.c:44:5:_lseek	24	static
C:/Development/RTOS/stm32_labs/shared/Src/syscall.c:45:5:_open	12	static
C:/Development/RTOS/stm32_labs/shared/Src/syscall.c:46:5:_wait	16	static
C:/Development/RTOS/stm32_labs/shared/Src/syscall.c:47:5:_unlink	16	static
C:/Development/RTOS/stm32_labs/shared/Src/syscall.c:48:9:_times	16	static
C:/Development/RTOS/stm32_labs/shared/Src/syscall.c:49:5:_stat	16	static
C:/Development/RTOS/stm32_labs/shared/Src/syscall.c:50:5:_link	16	static
C:/Development/RTOS/stm32_labs/shared/Src/syscall.c:51:5:_fork	8	static
C:/Development/RTOS/stm32_labs/shared/Src/syscall.c:52:5:_execve	24	static
