C:/Development/RTOS/stm32_labs/lab01_setup_verify/Src/main.c:32:5:main	40	static
C:/Development/RTOS/stm32_labs/lab01_setup_verify/Src/main.c:66:13:vBlinkTask	24	static
C:/Development/RTOS/stm32_labs/lab01_setup_verify/Src/main.c:85:13:vHeartbeatTask	24	static
C:/Development/RTOS/stm32_labs/lab01_setup_verify/Src/main.c:101:6:vApplicationTickHook	8	static
C:/Development/RTOS/stm32_labs/lab01_setup_verify/Src/main.c:106:6:vApplicationStackOverflowHook	16	static
C:/Development/RTOS/stm32_labs/lab01_setup_verify/Src/main.c:113:6:vApplicationMallocFailedHook	8	static
C:/Development/RTOS/stm32_labs/lab01_setup_verify/Src/main.c:120:5:__io_putchar	16	static
C:/Development/RTOS/stm32_labs/lab01_setup_verify/Src/main.c:127:6:SystemClock_Config	120	static
C:/Development/RTOS/stm32_labs/lab01_setup_verify/Src/main.c:165:6:uart_init	40	static
