Archive member included to satisfy reference by file (symbol)

C:/Users/rusle/.mcuxpressotools/arm-gnu-toolchain-14.2.rel1-mingw-w64-x86_64-arm-none-eabi/bin/../lib/gcc/arm-none-eabi/14.2.1/thumb/v8-m.main+fp/hard\libc.a(libc_a-exit.o)
                              C:/Users/rusle/.mcuxpressotools/arm-gnu-toolchain-14.2.rel1-mingw-w64-x86_64-arm-none-eabi/bin/../lib/gcc/arm-none-eabi/14.2.1/thumb/v8-m.main+fp/hard/crt0.o (exit)
C:/Users/rusle/.mcuxpressotools/arm-gnu-toolchain-14.2.rel1-mingw-w64-x86_64-arm-none-eabi/bin/../lib/gcc/arm-none-eabi/14.2.1/thumb/v8-m.main+fp/hard\libc.a(libc_a-findfp.o)
                              C:/Users/rusle/.mcuxpressotools/arm-gnu-toolchain-14.2.rel1-mingw-w64-x86_64-arm-none-eabi/bin/../lib/gcc/arm-none-eabi/14.2.1/thumb/v8-m.main+fp/hard\libc.a(libc_a-exit.o) (__stdio_exit_handler)
C:/Users/rusle/.mcuxpressotools/arm-gnu-toolchain-14.2.rel1-mingw-w64-x86_64-arm-none-eabi/bin/../lib/gcc/arm-none-eabi/14.2.1/thumb/v8-m.main+fp/hard\libc.a(libc_a-fwalk.o)
                              C:/Users/rusle/.mcuxpressotools/arm-gnu-toolchain-14.2.rel1-mingw-w64-x86_64-arm-none-eabi/bin/../lib/gcc/arm-none-eabi/14.2.1/thumb/v8-m.main+fp/hard\libc.a(libc_a-findfp.o) (_fwalk_sglue)
C:/Users/rusle/.mcuxpressotools/arm-gnu-toolchain-14.2.rel1-mingw-w64-x86_64-arm-none-eabi/bin/../lib/gcc/arm-none-eabi/14.2.1/thumb/v8-m.main+fp/hard\libc.a(libc_a-stdio.o)
                              C:/Users/rusle/.mcuxpressotools/arm-gnu-toolchain-14.2.rel1-mingw-w64-x86_64-arm-none-eabi/bin/../lib/gcc/arm-none-eabi/14.2.1/thumb/v8-m.main+fp/hard\libc.a(libc_a-findfp.o) (__sread)
C:/Users/rusle/.mcuxpressotools/arm-gnu-toolchain-14.2.rel1-mingw-w64-x86_64-arm-none-eabi/bin/../lib/gcc/arm-none-eabi/14.2.1/thumb/v8-m.main+fp/hard\libc.a(libc_a-memset.o)
                              C:/Users/rusle/.mcuxpressotools/arm-gnu-toolchain-14.2.rel1-mingw-w64-x86_64-arm-none-eabi/bin/../lib/gcc/arm-none-eabi/14.2.1/thumb/v8-m.main+fp/hard/crt0.o (memset)
C:/Users/rusle/.mcuxpressotools/arm-gnu-toolchain-14.2.rel1-mingw-w64-x86_64-arm-none-eabi/bin/../lib/gcc/arm-none-eabi/14.2.1/thumb/v8-m.main+fp/hard\libc.a(libc_a-closer.o)
                              C:/Users/rusle/.mcuxpressotools/arm-gnu-toolchain-14.2.rel1-mingw-w64-x86_64-arm-none-eabi/bin/../lib/gcc/arm-none-eabi/14.2.1/thumb/v8-m.main+fp/hard\libc.a(libc_a-stdio.o) (_close_r)
C:/Users/rusle/.mcuxpressotools/arm-gnu-toolchain-14.2.rel1-mingw-w64-x86_64-arm-none-eabi/bin/../lib/gcc/arm-none-eabi/14.2.1/thumb/v8-m.main+fp/hard\libc.a(libc_a-reent.o)
                              C:/Users/rusle/.mcuxpressotools/arm-gnu-toolchain-14.2.rel1-mingw-w64-x86_64-arm-none-eabi/bin/../lib/gcc/arm-none-eabi/14.2.1/thumb/v8-m.main+fp/hard\libc.a(libc_a-closer.o) (errno)
C:/Users/rusle/.mcuxpressotools/arm-gnu-toolchain-14.2.rel1-mingw-w64-x86_64-arm-none-eabi/bin/../lib/gcc/arm-none-eabi/14.2.1/thumb/v8-m.main+fp/hard\libc.a(libc_a-impure.o)
                              C:/Users/rusle/.mcuxpressotools/arm-gnu-toolchain-14.2.rel1-mingw-w64-x86_64-arm-none-eabi/bin/../lib/gcc/arm-none-eabi/14.2.1/thumb/v8-m.main+fp/hard\libc.a(libc_a-reent.o) (_impure_ptr)
C:/Users/rusle/.mcuxpressotools/arm-gnu-toolchain-14.2.rel1-mingw-w64-x86_64-arm-none-eabi/bin/../lib/gcc/arm-none-eabi/14.2.1/thumb/v8-m.main+fp/hard\libc.a(libc_a-lseekr.o)
                              C:/Users/rusle/.mcuxpressotools/arm-gnu-toolchain-14.2.rel1-mingw-w64-x86_64-arm-none-eabi/bin/../lib/gcc/arm-none-eabi/14.2.1/thumb/v8-m.main+fp/hard\libc.a(libc_a-stdio.o) (_lseek_r)
C:/Users/rusle/.mcuxpressotools/arm-gnu-toolchain-14.2.rel1-mingw-w64-x86_64-arm-none-eabi/bin/../lib/gcc/arm-none-eabi/14.2.1/thumb/v8-m.main+fp/hard\libc.a(libc_a-readr.o)
                              C:/Users/rusle/.mcuxpressotools/arm-gnu-toolchain-14.2.rel1-mingw-w64-x86_64-arm-none-eabi/bin/../lib/gcc/arm-none-eabi/14.2.1/thumb/v8-m.main+fp/hard\libc.a(libc_a-stdio.o) (_read_r)
C:/Users/rusle/.mcuxpressotools/arm-gnu-toolchain-14.2.rel1-mingw-w64-x86_64-arm-none-eabi/bin/../lib/gcc/arm-none-eabi/14.2.1/thumb/v8-m.main+fp/hard\libc.a(libc_a-writer.o)
                              C:/Users/rusle/.mcuxpressotools/arm-gnu-toolchain-14.2.rel1-mingw-w64-x86_64-arm-none-eabi/bin/../lib/gcc/arm-none-eabi/14.2.1/thumb/v8-m.main+fp/hard\libc.a(libc_a-stdio.o) (_write_r)
C:/Users/rusle/.mcuxpressotools/arm-gnu-toolchain-14.2.rel1-mingw-w64-x86_64-arm-none-eabi/bin/../lib/gcc/arm-none-eabi/14.2.1/thumb/v8-m.main+fp/hard\libc.a(libc_a-init.o)
                              C:/Users/rusle/.mcuxpressotools/arm-gnu-toolchain-14.2.rel1-mingw-w64-x86_64-arm-none-eabi/bin/../lib/gcc/arm-none-eabi/14.2.1/thumb/v8-m.main+fp/hard/crt0.o (__libc_init_array)
C:/Users/rusle/.mcuxpressotools/arm-gnu-toolchain-14.2.rel1-mingw-w64-x86_64-arm-none-eabi/bin/../lib/gcc/arm-none-eabi/14.2.1/thumb/v8-m.main+fp/hard\libc.a(libc_a-lock.o)
[...]
Memory Configuration

Name             Origin             Length             Attributes
RAM              0x20000000         0x00008000         xrw
FLASH            0x08000000         0x00020000         xr
*default*        0x00000000         0xffffffff

Linker script and memory map

LOAD C:/Users/rusle/.mcuxpressotools/arm-gnu-toolchain-14.2.rel1-mingw-w64-x86_64-arm-none-eabi/bin/../lib/gcc/arm-none-eabi/14.2.1/thumb/v8-m.main+fp/hard/crti.o
LOAD C:/Users/rusle/.mcuxpressotools/arm-gnu-toolchain-14.2.rel1-mingw-w64-x86_64-arm-none-eabi/bin/../lib/gcc/arm-none-eabi/14.2.1/thumb/v8-m.main+fp/hard/crtbegin.o
LOAD C:/Users/rusle/.mcuxpressotools/arm-gnu-toolchain-14.2.rel1-mingw-w64-x86_64-arm-none-eabi/bin/../lib/gcc/arm-none-eabi/14.2.1/thumb/v8-m.main+fp/hard/crt0.o
START GROUP
LOAD C:/Users/rusle/.mcuxpressotools/arm-gnu-toolchain-14.2.rel1-mingw-w64-x86_64-arm-none-eabi/bin/../lib/gcc/arm-none-eabi/14.2.1/thumb/v8-m.main+fp/hard\libc.a
LOAD C:/Users/rusle/.mcuxpressotools/arm-gnu-toolchain-14.2.rel1-mingw-w64-x86_64-arm-none-eabi/bin/../lib/gcc/arm-none-eabi/14.2.1/thumb/v8-m.main+fp/hard\libm.a
END GROUP
LOAD CMakeFiles/lab02-stm32.dir/C_/Users/rusle/STM32Cube/Repository/STM32Cube_FW_H5_V1.6.0/Drivers/CMSIS/Device/ST/STM32H5xx/Source/Templates/gcc/startup_stm32h503xx.s.obj
LOAD CMakeFiles/lab02-stm32.dir/C_/Users/rusle/STM32Cube/Repository/STM32Cube_FW_H5_V1.6.0/Drivers/CMSIS/Device/ST/STM32H5xx/Source/Templates/system_stm32h5xx.c.obj
LOAD CMakeFiles/lab02-stm32.dir/C_/Development/RTOS/stm32_labs/shared/Src/syscall.c.obj
LOAD CMakeFiles/lab02-stm32.dir/C_/Development/RTOS/stm32_labs/shared/Src/sysmem.c.obj
LOAD CMakeFiles/lab02-stm32.dir/C_/Users/rusle/STM32Cube/Repository/STM32Cube_FW_H5_V1.6.0/Drivers/STM32H5xx_HAL_Driver/Src/stm32h5xx_hal.c.obj
LOAD CMakeFiles/lab02-stm32.dir/C_/Users/rusle/STM32Cube/Repository/STM32Cube_FW_H5_V1.6.0/Drivers/STM32H5xx_HAL_Driver/Src/stm32h5xx_hal_rcc.c.obj
LOAD CMakeFiles/lab02-stm32.dir/C_/Users/rusle/STM32Cube/Repository/STM32Cube_FW_H5_V1.6.0/Drivers/STM32H5xx_HAL_Driver/Src/stm32h5xx_hal_rcc_ex.c.obj
LOAD CMakeFiles/lab02-stm32.dir/C_/Users/rusle/STM32Cube/Repository/STM32Cube_FW_H5_V1.6.0/Drivers/STM32H5xx_HAL_Driver/Src/stm32h5xx_hal_gpio.c.obj
LOAD CMakeFiles/lab02-stm32.dir/C_/Users/rusle/STM32Cube/Repository/STM32Cube_FW_H5_V1.6.0/Drivers/STM32H5xx_HAL_Driver/Src/stm32h5xx_hal_uart.c.obj
LOAD CMakeFiles/lab02-stm32.dir/C_/Users/rusle/STM32Cube/Repository/STM32Cube_FW_H5_V1.6.0/Drivers/STM32H5xx_HAL_Driver/Src/stm32h5xx_hal_uart_ex.c.obj
LOAD CMakeFiles/lab02-stm32.dir/C_/Users/rusle/STM32Cube/Repository/STM32Cube_FW_H5_V1.6.0/Drivers/STM32H5xx_HAL_Driver/Src/stm32h5xx_hal_pwr.c.obj
LOAD CMakeFiles/lab02-stm32.dir/C_/Users/rusle/STM32Cube/Repository/STM32Cube_FW_H5_V1.6.0/Drivers/STM32H5xx_HAL_Driver/Src/stm32h5xx_hal_pwr_ex.c.obj
LOAD CMakeFiles/lab02-stm32.dir/C_/Users/rusle/STM32Cube/Repository/STM32Cube_FW_H5_V1.6.0/Drivers/STM32H5xx_HAL_Driver/Src/stm32h5xx_hal_cortex.c.obj
LOAD CMakeFiles/lab02-stm32.dir/C_/Users/rusle/STM32Cube/Repository/STM32Cube_FW_H5_V1.6.0/Drivers/STM32H5xx_HAL_Driver/Src/stm32h5xx_hal_flash.c.obj
LOAD CMakeFiles/lab02-stm32.dir/C_/Users/rusle/STM32Cube/Repository/STM32Cube_FW_H5_V1.6.0/Drivers/STM32H5xx_HAL_Driver/Src/stm32h5xx_hal_flash_ex.c.obj
LOAD CMakeFiles/lab02-stm32.dir/C_/Users/rusle/STM32Cube/Repository/STM32Cube_FW_H5_V1.6.0/Drivers/STM32H5xx_HAL_Driver/Src/stm32h5xx_hal_icache.c.obj
LOAD CMakeFiles/lab02-stm32.dir/C_/Users/rusle/STM32Cube/Repository/STM32Cube_FW_H5_V1.6.0/Drivers/STM32H5xx_HAL_Driver/Src/stm32h5xx_hal_dma.c.obj
LOAD CMakeFiles/lab02-stm32.dir/C_/Users/rusle/STM32Cube/Repository/STM32Cube_FW_H5_V1.6.0/Drivers/STM32H5xx_HAL_Driver/Src/stm32h5xx_hal_dma_ex.c.obj
LOAD CMakeFiles/lab02-stm32.dir/C_/Users/rusle/STM32Cube/Repository/STM32Cube_FW_H5_V1.6.0/Drivers/STM32H5xx_HAL_Driver/Src/stm32h5xx_hal_exti.c.obj
LOAD CMakeFiles/lab02-stm32.dir/C_/FreeRTOS-Kernel/tasks.c.obj
LOAD CMakeFiles/lab02-stm32.dir/C_/FreeRTOS-Kernel/queue.c.obj
LOAD CMakeFiles/lab02-stm32.dir/C_/FreeRTOS-Kernel/list.c.obj
LOAD CMakeFiles/lab02-stm32.dir/C_/FreeRTOS-Kernel/timers.c.obj
LOAD CMakeFiles/lab02-stm32.dir/C_/FreeRTOS-Kernel/event_groups.c.obj
LOAD CMakeFiles/lab02-stm32.dir/C_/FreeRTOS-Kernel/stream_buffer.c.obj
LOAD CMakeFiles/lab02-stm32.dir/C_/FreeRTOS-Kernel/portable/MemMang/heap_4.c.obj
LOAD CMakeFiles/lab02-stm32.dir/C_/FreeRTOS-Kernel/portable/GCC/ARM_CM33_NTZ/non_secure/port.c.obj
LOAD CMakeFiles/lab02-stm32.dir/C_/FreeRTOS-Kernel/portable/GCC/ARM_CM33_NTZ/non_secure/portasm.c.obj
LOAD CMakeFiles/lab02-stm32.dir/Src/main.c.obj
LOAD CMakeFiles/lab02-stm32.dir/Src/lab_tasks.c.obj
START GROUP
LOAD C:/Users/rusle/.mcuxpressotools/arm-gnu-toolchain-14.2.rel1-mingw-w64-x86_64-arm-none-eabi/bin/../lib/gcc/arm-none-eabi/14.2.1/thumb/v8-m.main+fp/hard\libgcc.a
LOAD C:/Users/rusle/.mcuxpressotools/arm-gnu-toolchain-14.2.rel1-mingw-w64-x86_64-arm-none-eabi/bin/../lib/gcc/arm-none-eabi/14.2.1/thumb/v8-m.main+fp/hard\libg.a
LOAD C:/Users/rusle/.mcuxpressotools/arm-gnu-toolchain-14.2.rel1-mingw-w64-x86_64-arm-none-eabi/bin/../lib/gcc/arm-none-eabi/14.2.1/thumb/v8-m.main+fp/hard\libc.a
END GROUP
START GROUP
LOAD C:/Users/rusle/.mcuxpressotools/arm-gnu-toolchain-14.2.rel1-mingw-w64-x86_64-arm-none-eabi/bin/../lib/gcc/arm-none-eabi/14.2.1/thumb/v8-m.main+fp/hard\libgcc.a
LOAD C:/Users/rusle/.mcuxpressotools/arm-gnu-toolchain-14.2.rel1-mingw-w64-x86_64-arm-none-eabi/bin/../lib/gcc/arm-none-eabi/14.2.1/thumb/v8-m.main+fp/hard\libc.a
LOAD C:/Users/rusle/.mcuxpressotools/arm-gnu-toolchain-14.2.rel1-mingw-w64-x86_64-arm-none-eabi/bin/../lib/gcc/arm-none-eabi/14.2.1/thumb/v8-m.main+fp/hard\libnosys.a
END GROUP
LOAD C:/Users/rusle/.mcuxpressotools/arm-gnu-toolchain-14.2.rel1-mingw-w64-x86_64-arm-none-eabi/bin/../lib/gcc/arm-none-eabi/14.2.1/thumb/v8-m.main+fp/hard/crtend.o
LOAD C:/Users/rusle/.mcuxpressotools/arm-gnu-toolchain-14.2.rel1-mingw-w64-x86_64-arm-none-eabi/bin/../lib/gcc/arm-none-eabi/14.2.1/thumb/v8-m.main+fp/hard/crtn.o
                0x20008000                        _estack = (ORIGIN (RAM) + LENGTH (RAM))
                0x20007800                        _sstack = (_estack - 0x800)
                0x00000400                        _Min_Heap_Size = 0x400
                0x00000800                        _Min_Stack_Size = 0x800

.isr_vector     0x08000000      0x258
                0x08000000                        . = ALIGN (0x4)
 *(.isr_vector)
 .isr_vector    0x08000000      0x258 CMakeFiles/lab02-stm32.dir/C_/Users/rusle/STM32Cube/Repository/STM32Cube_FW_H5_V1.6.0/Drivers/CMSIS/Device/ST/STM32H5xx/Source/Templates/gcc/startup_stm32h503xx.s.obj
                0x08000000                g_pfnVectors
                0x08000258                        . = ALIGN (0x4)

.text           0x08000258     0xe5dc
                0x08000258                        . = ALIGN (0x4)
 *(.text)
 .text          0x08000258       0x30 C:/Users/rusle/.mcuxpressotools/arm-gnu-toolchain-14.2.rel1-mingw-w64-x86_64-arm-none-eabi/bin/../lib/gcc/arm-none-eabi/14.2.1/thumb/v8-m.main+fp/hard\libgcc.a(_aeabi_uldivmod.o)
                0x08000258                __aeabi_uldivmod
 .text          0x08000288        0x4 C:/Users/rusle/.mcuxpressotools/arm-gnu-toolchain-14.2.rel1-mingw-w64-x86_64-arm-none-eabi/bin/../lib/gcc/arm-none-eabi/14.2.1/thumb/v8-m.main+fp/hard\libgcc.a(_dvmd_tls.o)
                0x08000288                __aeabi_idiv0
                0x08000288                __aeabi_ldiv0
 .text          0x0800028c       0xec C:/Users/rusle/.mcuxpressotools/arm-gnu-toolchain-14.2.rel1-mingw-w64-x86_64-arm-none-eabi/bin/../lib/gcc/arm-none-eabi/14.2.1/thumb/v8-m.main+fp/hard\libg.a(libc_a-memcpy.o)
                0x0800028c                memcpy
 .text          0x08000378      0x378 C:/Users/rusle/.mcuxpressotools/arm-gnu-toolchain-14.2.rel1-mingw-w64-x86_64-arm-none-eabi/bin/../lib/gcc/arm-none-eabi/14.2.1/thumb/v8-m.main+fp/hard\libgcc.a(_arm_addsubdf3.o)
                0x08000378                __aeabi_drsub
                0x08000380                __aeabi_dsub
                0x08000380                __subdf3
                0x08000384                __aeabi_dadd
                0x08000384                __adddf3
                0x080005fc                __floatunsidf
                0x080005fc                __aeabi_ui2d
                0x0800061c                __floatsidf
                0x0800061c                __aeabi_i2d
                0x08000640                __aeabi_f2d
                0x08000640                __extendsfdf2
                0x08000684                __floatundidf
                0x08000684                __aeabi_ul2d
                0x08000694                __floatdidf
                0x08000694                __aeabi_l2d
 .text          0x080006f0      0x424 C:/Users/rusle/.mcuxpressotools/arm-gnu-toolchain-14.2.rel1-mingw-w64-x86_64-arm-none-eabi/bin/../lib/gcc/arm-none-eabi/14.2.1/thumb/v8-m.main+fp/hard\libgcc.a(_arm_muldivdf3.o)
                0x080006f0                __aeabi_dmul
                0x080006f0                __muldf3
                0x08000944                __divdf3
                0x08000944                __aeabi_ddiv
 .text          0x08000b14      0x110 C:/Users/rusle/.mcuxpressotools/arm-gnu-toolchain-14.2.rel1-mingw-w64-x86_64-arm-none-eabi/bin/../lib/gcc/arm-none-eabi/14.2.1/thumb/v8-m.main+fp/hard\libgcc.a(_arm_cmpdf2.o)
                0x08000b14                __gtdf2
                0x08000b14                __gedf2
                0x08000b1c                __ltdf2
                0x08000b1c                __ledf2
                0x08000b24                __nedf2
                0x08000b24                __eqdf2
                0x08000b24                __cmpdf2
                0x08000ba0                __aeabi_cdrcmple
                0x08000bb0                __aeabi_cdcmpeq
                0x08000bb0                __aeabi_cdcmple
                0x08000bc0                __aeabi_dcmpeq
                0x08000bd4                __aeabi_dcmplt
                0x08000be8                __aeabi_dcmple
                0x08000bfc                __aeabi_dcmpge
                0x08000c10                __aeabi_dcmpgt
 .text          0x08000c24       0x2c C:/Users/rusle/.mcuxpressotools/arm-gnu-toolchain-14.2.rel1-mingw-w64-x86_64-arm-none-eabi/bin/../lib/gcc/arm-none-eabi/14.2.1/thumb/v8-m.main+fp/hard\libgcc.a(_arm_unorddf2.o)
                0x08000c24                __unorddf2
                0x08000c24                __aeabi_dcmpun
 .text          0x08000c50       0x50 C:/Users/rusle/.mcuxpressotools/arm-gnu-toolchain-14.2.rel1-mingw-w64-x86_64-arm-none-eabi/bin/../lib/gcc/arm-none-eabi/14.2.1/thumb/v8-m.main+fp/hard\libgcc.a(_arm_fixdfsi.o)
                0x08000c50                __aeabi_d2iz
                0x08000c50                __fixdfsi
 *(.text*)
 .text.deregister_tm_clones
                0x08000ca0       0x1c C:/Users/rusle/.mcuxpressotools/arm-gnu-toolchain-14.2.rel1-mingw-w64-x86_64-arm-none-eabi/bin/../lib/gcc/arm-none-eabi/14.2.1/thumb/v8-m.main+fp/hard/crtbegin.o
 .text.register_tm_clones
                0x08000cbc       0x28 C:/Users/rusle/.mcuxpressotools/arm-gnu-toolchain-14.2.rel1-mingw-w64-x86_64-arm-none-eabi/bin/../lib/gcc/arm-none-eabi/14.2.1/thumb/v8-m.main+fp/hard/crtbegin.o
 .text.__do_global_dtors_aux
                0x08000ce4       0x28 C:/Users/rusle/.mcuxpressotools/arm-gnu-toolchain-14.2.rel1-mingw-w64-x86_64-arm-none-eabi/bin/../lib/gcc/arm-none-eabi/14.2.1/thumb/v8-m.main+fp/hard/crtbegin.o
 .text.frame_dummy
                0x08000d0c       0x24 C:/Users/rusle/.mcuxpressotools/arm-gnu-toolchain-14.2.rel1-mingw-w64-x86_64-arm-none-eabi/bin/../lib/gcc/arm-none-eabi/14.2.1/thumb/v8-m.main+fp/hard/crtbegin.o
 .text.stdio_exit_handler
                0x08000d30       0x18 C:/Users/rusle/.mcuxpressotools/arm-gnu-toolchain-14.2.rel1-mingw-w64-x86_64-arm-none-eabi/bin/../lib/gcc/arm-none-eabi/14.2.1/thumb/v8-m.main+fp/hard\libc.a(libc_a-findfp.o)
 .text.cleanup_stdio
                0x08000d48       0x40 C:/Users/rusle/.mcuxpressotools/arm-gnu-toolchain-14.2.rel1-mingw-w64-x86_64-arm-none-eabi/bin/../lib/gcc/arm-none-eabi/14.2.1/thumb/v8-m.main+fp/hard\libc.a(libc_a-findfp.o)
 .text.global_stdio_init.part.0
                0x08000d88       0xf0 C:/Users/rusle/.mcuxpressotools/arm-gnu-toolchain-14.2.rel1-mingw-w64-x86_64-arm-none-eabi/bin/../lib/gcc/arm-none-eabi/14.2.1/thumb/v8-m.main+fp/hard\libc.a(libc_a-findfp.o)
 .text.__sinit  0x08000e78       0x3c C:/Users/rusle/.mcuxpressotools/arm-gnu-toolchain-14.2.rel1-mingw-w64-x86_64-arm-none-eabi/bin/../lib/gcc/arm-none-eabi/14.2.1/thumb/v8-m.main+fp/hard\libc.a(libc_a-findfp.o)
                0x08000e78                __sinit
 .text.__sfp_lock_acquire
                0x08000eb4        0xc C:/Users/rusle/.mcuxpressotools/arm-gnu-toolchain-14.2.rel1-mingw-w64-x86_64-arm-none-eabi/bin/../lib/gcc/arm-none-eabi/14.2.1/thumb/v8-m.main+fp/hard\libc.a(libc_a-findfp.o)
                0x08000eb4                __sfp_lock_acquire
 .text.__sfp_lock_release
                0x08000ec0        0xc C:/Users/rusle/.mcuxpressotools/arm-gnu-toolchain-14.2.rel1-mingw-w64-x86_64-arm-none-eabi/bin/../lib/gcc/arm-none-eabi/14.2.1/thumb/v8-m.main+fp/hard\libc.a(libc_a-findfp.o)
                0x08000ec0                __sfp_lock_release
 .text._fwalk_sglue
                0x08000ecc       0x44 C:/Users/rusle/.mcuxpressotools/arm-gnu-toolchain-14.2.rel1-mingw-w64-x86_64-arm-none-eabi/bin/../lib/gcc/arm-none-eabi/14.2.1/thumb/v8-m.main+fp/hard\libc.a(libc_a-fwalk.o)
                0x08000ecc                _fwalk_sglue
 .text.__sread  0x08000f10       0x24 C:/Users/rusle/.mcuxpressotools/arm-gnu-toolchain-14.2.rel1-mingw-w64-x86_64-arm-none-eabi/bin/../lib/gcc/arm-none-eabi/14.2.1/thumb/v8-m.main+fp/hard\libc.a(libc_a-stdio.o)
                0x08000f10                __sread
 .text.__swrite
                0x08000f34       0x40 C:/Users/rusle/.mcuxpressotools/arm-gnu-toolchain-14.2.rel1-mingw-w64-x86_64-arm-none-eabi/bin/../lib/gcc/arm-none-eabi/14.2.1/thumb/v8-m.main+fp/hard\libc.a(libc_a-stdio.o)
                0x08000f34                __swrite
 .text.__sseek  0x08000f74       0x28 C:/Users/rusle/.mcuxpressotools/arm-gnu-toolchain-14.2.rel1-mingw-w64-x86_64-arm-none-eabi/bin/../lib/gcc/arm-none-eabi/14.2.1/thumb/v8-m.main+fp/hard\libc.a(libc_a-stdio.o)
                0x08000f74                __sseek
 .text.__sclose
                0x08000f9c        0x8 C:/Users/rusle/.mcuxpressotools/arm-gnu-toolchain-14.2.rel1-mingw-w64-x86_64-arm-none-eabi/bin/../lib/gcc/arm-none-eabi/14.2.1/thumb/v8-m.main+fp/hard\libc.a(libc_a-stdio.o)
                0x08000f9c                __sclose
 .text.memset   0x08000fa4       0x9c C:/Users/rusle/.mcuxpressotools/arm-gnu-toolchain-14.2.rel1-mingw-w64-x86_64-arm-none-eabi/bin/../lib/gcc/arm-none-eabi/14.2.1/thumb/v8-m.main+fp/hard\libc.a(libc_a-memset.o)
                0x08000fa4                memset
 .text._close_r
                0x08001040       0x24 C:/Users/rusle/.mcuxpressotools/arm-gnu-toolchain-14.2.rel1-mingw-w64-x86_64-arm-none-eabi/bin/../lib/gcc/arm-none-eabi/14.2.1/thumb/v8-m.main+fp/hard\libc.a(libc_a-closer.o)
                0x08001040                _close_r
 .text._lseek_r
                0x08001064       0x2c C:/Users/rusle/.mcuxpressotools/arm-gnu-toolchain-14.2.rel1-mingw-w64-x86_64-arm-none-eabi/bin/../lib/gcc/arm-none-eabi/14.2.1/thumb/v8-m.main+fp/hard\libc.a(libc_a-lseekr.o)
                0x08001064                _lseek_r
 .text._read_r  0x08001090       0x2c C:/Users/rusle/.mcuxpressotools/arm-gnu-toolchain-14.2.rel1-mingw-w64-x86_64-arm-none-eabi/bin/../lib/gcc/arm-none-eabi/14.2.1/thumb/v8-m.main+fp/hard\libc.a(libc_a-readr.o)
                0x08001090                _read_r
 .text._write_r
                0x080010bc       0x2c C:/Users/rusle/.mcuxpressotools/arm-gnu-toolchain-14.2.rel1-mingw-w64-x86_64-arm-none-eabi/bin/../lib/gcc/arm-none-eabi/14.2.1/thumb/v8-m.main+fp/hard\libc.a(libc_a-writer.o)
                0x080010bc                _write_r
 .text.__libc_init_array
                0x080010e8       0x50 C:/Users/rusle/.mcuxpressotools/arm-gnu-toolchain-14.2.rel1-mingw-w64-x86_64-arm-none-eabi/bin/../lib/gcc/arm-none-eabi/14.2.1/thumb/v8-m.main+fp/hard\libc.a(libc_a-init.o)
                0x080010e8                __libc_init_array
 .text.__retarget_lock_init_recursive
                0x08001138        0x4 C:/Users/rusle/.mcuxpressotools/arm-gnu-toolchain-14.2.rel1-mingw-w64-x86_64-arm-none-eabi/bin/../lib/gcc/arm-none-eabi/14.2.1/thumb/v8-m.main+fp/hard\libc.a(libc_a-lock.o)
                0x08001138                __retarget_lock_init_recursive
 .text.__retarget_lock_close_recursive
                0x0800113c        0x4 C:/Users/rusle/.mcuxpressotools/arm-gnu-toolchain-14.2.rel1-mingw-w64-x86_64-arm-none-eabi/bin/../lib/gcc/arm-none-eabi/14.2.1/thumb/v8-m.main+fp/hard\libc.a(libc_a-lock.o)
                0x0800113c                __retarget_lock_close_recursive
 .text.__retarget_lock_acquire_recursive
                0x08001140        0x4 C:/Users/rusle/.mcuxpressotools/arm-gnu-toolchain-14.2.rel1-mingw-w64-x86_64-arm-none-eabi/bin/../lib/gcc/arm-none-eabi/14.2.1/thumb/v8-m.main+fp/hard\libc.a(libc_a-lock.o)
                0x08001140                __retarget_lock_acquire_recursive
 .text.__retarget_lock_release_recursive
                0x08001144        0x4 C:/Users/rusle/.mcuxpressotools/arm-gnu-toolchain-14.2.rel1-mingw-w64-x86_64-arm-none-eabi/bin/../lib/gcc/arm-none-eabi/14.2.1/thumb/v8-m.main+fp/hard\libc.a(libc_a-lock.o)
                0x08001144                __retarget_lock_release_recursive
 .text.startup.register_fini
                0x08001148       0x14 C:/Users/rusle/.mcuxpressotools/arm-gnu-toolchain-14.2.rel1-mingw-w64-x86_64-arm-none-eabi/bin/../lib/gcc/arm-none-eabi/14.2.1/thumb/v8-m.main+fp/hard\libc.a(libc_a-__call_atexit.o)
 .text.atexit   0x0800115c        0xc C:/Users/rusle/.mcuxpressotools/arm-gnu-toolchain-14.2.rel1-mingw-w64-x86_64-arm-none-eabi/bin/../lib/gcc/arm-none-eabi/14.2.1/thumb/v8-m.main+fp/hard\libc.a(libc_a-atexit.o)
                0x0800115c                atexit
 .text._malloc_trim_r
                0x08001168       0xb8 C:/Users/rusle/.mcuxpressotools/arm-gnu-toolchain-14.2.rel1-mingw-w64-x86_64-arm-none-eabi/bin/../lib/gcc/arm-none-eabi/14.2.1/thumb/v8-m.main+fp/hard\libc.a(libc_a-freer.o)
                0x08001168                _malloc_trim_r
 .text._free_r  0x08001220      0x1e8 C:/Users/rusle/.mcuxpressotools/arm-gnu-toolchain-14.2.rel1-mingw-w64-x86_64-arm-none-eabi/bin/../lib/gcc/arm-none-eabi/14.2.1/thumb/v8-m.main+fp/hard\libc.a(libc_a-freer.o)
                0x08001220                _free_r
 .text._malloc_r
                0x08001408      0x578 C:/Users/rusle/.mcuxpressotools/arm-gnu-toolchain-14.2.rel1-mingw-w64-x86_64-arm-none-eabi/bin/../lib/gcc/arm-none-eabi/14.2.1/thumb/v8-m.main+fp/hard\libc.a(libc_a-mallocr.o)
                0x08001408                _malloc_r
 .text.__malloc_lock
                0x08001980        0xc C:/Users/rusle/.mcuxpressotools/arm-gnu-toolchain-14.2.rel1-mingw-w64-x86_64-arm-none-eabi/bin/../lib/gcc/arm-none-eabi/14.2.1/thumb/v8-m.main+fp/hard\libc.a(libc_a-mlock.o)
                0x08001980                __malloc_lock
 .text.__malloc_unlock
                0x0800198c        0xc C:/Users/rusle/.mcuxpressotools/arm-gnu-toolchain-14.2.rel1-mingw-w64-x86_64-arm-none-eabi/bin/../lib/gcc/arm-none-eabi/14.2.1/thumb/v8-m.main+fp/hard\libc.a(libc_a-mlock.o)
                0x0800198c                __malloc_unlock
 .text._fclose_r
                0x08001998       0xc0 C:/Users/rusle/.mcuxpressotools/arm-gnu-toolchain-14.2.rel1-mingw-w64-x86_64-arm-none-eabi/bin/../lib/gcc/arm-none-eabi/14.2.1/thumb/v8-m.main+fp/hard\libc.a(libc_a-fclose.o)
                0x08001998                _fclose_r
 .text.__sflush_r
                0x08001a58      0x134 C:/Users/rusle/.mcuxpressotools/arm-gnu-toolchain-14.2.rel1-mingw-w64-x86_64-arm-none-eabi/bin/../lib/gcc/arm-none-eabi/14.2.1/thumb/v8-m.main+fp/hard\libc.a(libc_a-fflush.o)
                0x08001a58                __sflush_r
 .text._fflush_r
                0x08001b8c       0x54 C:/Users/rusle/.mcuxpressotools/arm-gnu-toolchain-14.2.rel1-mingw-w64-x86_64-arm-none-eabi/bin/../lib/gcc/arm-none-eabi/14.2.1/thumb/v8-m.main+fp/hard\libc.a(libc_a-fflush.o)
                0x08001b8c                _fflush_r
 .text._sbrk_r  0x08001be0       0x24 C:/Users/rusle/.mcuxpressotools/arm-gnu-toolchain-14.2.rel1-mingw-w64-x86_64-arm-none-eabi/bin/../lib/gcc/arm-none-eabi/14.2.1/thumb/v8-m.main+fp/hard\libc.a(libc_a-sbrkr.o)
                0x08001be0                _sbrk_r
 .text.__libc_fini_array
                0x08001c04       0x28 C:/Users/rusle/.mcuxpressotools/arm-gnu-toolchain-14.2.rel1-mingw-w64-x86_64-arm-none-eabi/bin/../lib/gcc/arm-none-eabi/14.2.1/thumb/v8-m.main+fp/hard\libc.a(libc_a-fini.o)
                0x08001c04                __libc_fini_array
 .text.sysconf  0x08001c2c       0x1c C:/Users/rusle/.mcuxpressotools/arm-gnu-toolchain-14.2.rel1-mingw-w64-x86_64-arm-none-eabi/bin/../lib/gcc/arm-none-eabi/14.2.1/thumb/v8-m.main+fp/hard\libc.a(libc_a-sysconf.o)
                0x08001c2c                sysconf
 .text.__register_exitproc
                0x08001c48       0x84 C:/Users/rusle/.mcuxpressotools/arm-gnu-toolchain-14.2.rel1-mingw-w64-x86_64-arm-none-eabi/bin/../lib/gcc/arm-none-eabi/14.2.1/thumb/v8-m.main+fp/hard\libc.a(libc_a-__atexit.o)
                0x08001c48                __register_exitproc
 .text.__errno  0x08001ccc        0xc C:/Users/rusle/.mcuxpressotools/arm-gnu-toolchain-14.2.rel1-mingw-w64-x86_64-arm-none-eabi/bin/../lib/gcc/arm-none-eabi/14.2.1/thumb/v8-m.main+fp/hard\libc.a(libc_a-errno.o)
                0x08001ccc                __errno
 .text.Reset_Handler
                0x08001cd8       0x5c CMakeFiles/lab02-stm32.dir/C_/Users/rusle/STM32Cube/Repository/STM32Cube_FW_H5_V1.6.0/Drivers/CMSIS/Device/ST/STM32H5xx/Source/Templates/gcc/startup_stm32h503xx.s.obj
                0x08001cd8                Reset_Handler
 .text.Default_Handler
                0x08001d34        0x2 CMakeFiles/lab02-stm32.dir/C_/Users/rusle/STM32Cube/Repository/STM32Cube_FW_H5_V1.6.0/Drivers/CMSIS/Device/ST/STM32H5xx/Source/Templates/gcc/startup_stm32h503xx.s.obj
                0x08001d34                EXTI2_IRQHandler
                0x08001d34                EXTI5_IRQHandler
                0x08001d34                I3C1_ER_IRQHandler
                0x08001d34                DebugMon_Handler
                0x08001d34                GPDMA2_Channel1_IRQHandler
                0x08001d34                EXTI13_IRQHandler
                0x08001d34                TIM1_CC_IRQHandler
                0x08001d34                HardFault_Handler
                0x08001d34                GPDMA2_Channel3_IRQHandler
                0x08001d34                TAMP_IRQHandler
                0x08001d34                TIM6_IRQHandler
                0x08001d34                EXTI12_IRQHandler
                0x08001d34                USB_DRD_FS_IRQHandler
                0x08001d34                NMI_Handler
                0x08001d34                EXTI3_IRQHandler
                0x08001d34                GPDMA1_Channel5_IRQHandler
                0x08001d34                EXTI8_IRQHandler
                0x08001d34                GPDMA2_Channel5_IRQHandler
                0x08001d34                LPTIM2_IRQHandler
                0x08001d34                GPDMA2_Channel2_IRQHandler
                0x08001d34                EXTI0_IRQHandler
                0x08001d34                I2C2_EV_IRQHandler
                0x08001d34                FPU_IRQHandler
                0x08001d34                GPDMA1_Channel3_IRQHandler
                0x08001d34                GPDMA1_Channel7_IRQHandler
                0x08001d34                FDCAN1_IT1_IRQHandler
                0x08001d34                RAMCFG_IRQHandler
                0x08001d34                UsageFault_Handler
                0x08001d34                SPI1_IRQHandler
                0x08001d34                GPDMA1_Channel2_IRQHandler
                0x08001d34                ADC1_IRQHandler
                0x08001d34                I3C2_ER_IRQHandler
                0x08001d34                EXTI15_IRQHandler
                0x08001d34                USART3_IRQHandler
                0x08001d34                RTC_IRQHandler
                0x08001d34                EXTI9_IRQHandler
                0x08001d34                I3C2_EV_IRQHandler
                0x08001d34                I2C1_EV_IRQHandler
                0x08001d34                GPDMA1_Channel1_IRQHandler
                0x08001d34                TIM3_IRQHandler
                0x08001d34                RCC_IRQHandler
                0x08001d34                TIM1_TRG_COM_IRQHandler
                0x08001d34                Default_Handler
                0x08001d34                GPDMA2_Channel4_IRQHandler
                0x08001d34                TIM7_IRQHandler
                0x08001d34                GPDMA1_Channel0_IRQHandler
                0x08001d34                I3C1_EV_IRQHandler
                0x08001d34                PVD_AVD_IRQHandler
                0x08001d34                SPI2_IRQHandler
                0x08001d34                MemManage_Handler
                0x08001d34                EXTI14_IRQHandler
                0x08001d34                EXTI11_IRQHandler
                0x08001d34                CRS_IRQHandler
                0x08001d34                EXTI4_IRQHandler
                0x08001d34                GPDMA2_Channel0_IRQHandler
                0x08001d34                RNG_IRQHandler
                0x08001d34                GPDMA2_Channel6_IRQHandler
                0x08001d34                TIM1_UP_IRQHandler
                0x08001d34                WWDG_IRQHandler
                0x08001d34                IWDG_IRQHandler
                0x08001d34                LPUART1_IRQHandler
                0x08001d34                FDCAN1_IT0_IRQHandler
                0x08001d34                TIM2_IRQHandler
                0x08001d34                GPDMA1_Channel4_IRQHandler
                0x08001d34                EXTI7_IRQHandler
                0x08001d34                TIM1_BRK_IRQHandler
                0x08001d34                EXTI1_IRQHandler
                0x08001d34                DAC1_IRQHandler
                0x08001d34                DTS_IRQHandler
                0x08001d34                GTZC_IRQHandler
                0x08001d34                USART2_IRQHandler
                0x08001d34                GPDMA1_Channel6_IRQHandler
                0x08001d34                GPDMA2_Channel7_IRQHandler
                0x08001d34                I2C2_ER_IRQHandler
                0x08001d34                FLASH_IRQHandler
                0x08001d34                BusFault_Handler
                0x08001d34                USART1_IRQHandler
                0x08001d34                EXTI10_IRQHandler
                0x08001d34                SPI3_IRQHandler
                0x08001d34                I2C1_ER_IRQHandler
                0x08001d34                EXTI6_IRQHandler
                0x08001d34                COMP1_IRQHandler
                0x08001d34                LPTIM1_IRQHandler
                0x08001d34                ICACHE_IRQHandler
                0x08001d34                HASH_IRQHandler
 *fill*         0x08001d36        0x2 
 .text.SystemInit
                0x08001d38       0xf0 CMakeFiles/lab02-stm32.dir/C_/Users/rusle/STM32Cube/Repository/STM32Cube_FW_H5_V1.6.0/Drivers/CMSIS/Device/ST/STM32H5xx/Source/Templates/system_stm32h5xx.c.obj
                0x08001d38                SystemInit
 .text._getpid  0x08001e28       0x10 CMakeFiles/lab02-stm32.dir/C_/Development/RTOS/stm32_labs/shared/Src/syscall.c.obj
                0x08001e28                _getpid
 .text._kill    0x08001e38       0x20 CMakeFiles/lab02-stm32.dir/C_/Development/RTOS/stm32_labs/shared/Src/syscall.c.obj
                0x08001e38                _kill
 .text._exit    0x08001e58       0x16 CMakeFiles/lab02-stm32.dir/C_/Development/RTOS/stm32_labs/shared/Src/syscall.c.obj
                0x08001e58                _exit
 .text._read    0x08001e6e       0x3a CMakeFiles/lab02-stm32.dir/C_/Development/RTOS/stm32_labs/shared/Src/syscall.c.obj
                0x08001e6e                _read
 .text._write   0x08001ea8       0x38 CMakeFiles/lab02-stm32.dir/C_/Development/RTOS/stm32_labs/shared/Src/syscall.c.obj
                0x08001ea8                _write
 .text._close   0x08001ee0       0x18 CMakeFiles/lab02-stm32.dir/C_/Development/RTOS/stm32_labs/shared/Src/syscall.c.obj
                0x08001ee0                _close
 .text._fstat   0x08001ef8       0x20 CMakeFiles/lab02-stm32.dir/C_/Development/RTOS/stm32_labs/shared/Src/syscall.c.obj
                0x08001ef8                _fstat
 .text._isatty  0x08001f18       0x16 CMakeFiles/lab02-stm32.dir/C_/Development/RTOS/stm32_labs/shared/Src/syscall.c.obj
                0x08001f18                _isatty
 .text._lseek   0x08001f2e       0x1a CMakeFiles/lab02-stm32.dir/C_/Development/RTOS/stm32_labs/shared/Src/syscall.c.obj
                0x08001f2e                _lseek
 .text._sbrk    0x08001f48       0x6c CMakeFiles/lab02-stm32.dir/C_/Development/RTOS/stm32_labs/shared/Src/sysmem.c.obj
                0x08001f48                _sbrk
 .text.HAL_Init
                0x08001fb4       0x60 CMakeFiles/lab02-stm32.dir/C_/Users/rusle/STM32Cube/Repository/STM32Cube_FW_H5_V1.6.0/Drivers/STM32H5xx_HAL_Driver/Src/stm32h5xx_hal.c.obj
                0x08001fb4                HAL_Init
 .text.HAL_MspInit
                0x08002014        0xe CMakeFiles/lab02-stm32.dir/C_/Users/rusle/STM32Cube/Repository/STM32Cube_FW_H5_V1.6.0/Drivers/STM32H5xx_HAL_Driver/Src/stm32h5xx_hal.c.obj
                0x08002014                HAL_MspInit
 *fill*         0x08002022        0x2 
 .text.HAL_InitTick
                0x08002024       0xec CMakeFiles/lab02-stm32.dir/C_/Users/rusle/STM32Cube/Repository/STM32Cube_FW_H5_V1.6.0/Drivers/STM32H5xx_HAL_Driver/Src/stm32h5xx_hal.c.obj
                0x08002024                HAL_InitTick
 .text.HAL_IncTick
                0x08002110       0x28 CMakeFiles/lab02-stm32.dir/C_/Users/rusle/STM32Cube/Repository/STM32Cube_FW_H5_V1.6.0/Drivers/STM32H5xx_HAL_Driver/Src/stm32h5xx_hal.c.obj
                0x08002110                HAL_IncTick
 .text.HAL_GetTick
                0x08002138       0x18 CMakeFiles/lab02-stm32.dir/C_/Users/rusle/STM32Cube/Repository/STM32Cube_FW_H5_V1.6.0/Drivers/STM32H5xx_HAL_Driver/Src/stm32h5xx_hal.c.obj
                0x08002138                HAL_GetTick
 .text.HAL_RCC_OscConfig
                0x08002150      0x870 CMakeFiles/lab02-stm32.dir/C_/Users/rusle/STM32Cube/Repository/STM32Cube_FW_H5_V1.6.0/Drivers/STM32H5xx_HAL_Driver/Src/stm32h5xx_hal_rcc.c.obj
                0x08002150                HAL_RCC_OscConfig
 .text.HAL_RCC_ClockConfig
                0x080029c0      0x370 CMakeFiles/lab02-stm32.dir/C_/Users/rusle/STM32Cube/Repository/STM32Cube_FW_H5_V1.6.0/Drivers/STM32H5xx_HAL_Driver/Src/stm32h5xx_hal_rcc.c.obj
                0x080029c0                HAL_RCC_ClockConfig
 .text.HAL_RCC_GetSysClockFreq
                0x08002d30      0x258 CMakeFiles/lab02-stm32.dir/C_/Users/rusle/STM32Cube/Repository/STM32Cube_FW_H5_V1.6.0/Drivers/STM32H5xx_HAL_Driver/Src/stm32h5xx_hal_rcc.c.obj
                0x08002d30                HAL_RCC_GetSysClockFreq
 .text.HAL_RCC_GetHCLKFreq
                0x08002f88       0x38 CMakeFiles/lab02-stm32.dir/C_/Users/rusle/STM32Cube/Repository/STM32Cube_FW_H5_V1.6.0/Drivers/STM32H5xx_HAL_Driver/Src/stm32h5xx_hal_rcc.c.obj
                0x08002f88                HAL_RCC_GetHCLKFreq
 .text.HAL_RCC_GetPCLK1Freq
                0x08002fc0       0x2c CMakeFiles/lab02-stm32.dir/C_/Users/rusle/STM32Cube/Repository/STM32Cube_FW_H5_V1.6.0/Drivers/STM32H5xx_HAL_Driver/Src/stm32h5xx_hal_rcc.c.obj
                0x08002fc0                HAL_RCC_GetPCLK1Freq
 .text.HAL_RCC_GetPCLK2Freq
                0x08002fec       0x2c CMakeFiles/lab02-stm32.dir/C_/Users/rusle/STM32Cube/Repository/STM32Cube_FW_H5_V1.6.0/Drivers/STM32H5xx_HAL_Driver/Src/stm32h5xx_hal_rcc.c.obj
                0x08002fec                HAL_RCC_GetPCLK2Freq
 .text.HAL_RCC_GetPCLK3Freq
                0x08003018       0x2c CMakeFiles/lab02-stm32.dir/C_/Users/rusle/STM32Cube/Repository/STM32Cube_FW_H5_V1.6.0/Drivers/STM32H5xx_HAL_Driver/Src/stm32h5xx_hal_rcc.c.obj
                0x08003018                HAL_RCC_GetPCLK3Freq
 .text.HAL_RCCEx_GetPLL1ClockFreq
                0x08003044      0x2d8 CMakeFiles/lab02-stm32.dir/C_/Users/rusle/STM32Cube/Repository/STM32Cube_FW_H5_V1.6.0/Drivers/STM32H5xx_HAL_Driver/Src/stm32h5xx_hal_rcc_ex.c.obj
                0x08003044                HAL_RCCEx_GetPLL1ClockFreq
 .text.HAL_RCCEx_GetPLL2ClockFreq
                0x0800331c      0x2d8 CMakeFiles/lab02-stm32.dir/C_/Users/rusle/STM32Cube/Repository/STM32Cube_FW_H5_V1.6.0/Drivers/STM32H5xx_HAL_Driver/Src/stm32h5xx_hal_rcc_ex.c.obj
                0x0800331c                HAL_RCCEx_GetPLL2ClockFreq
 .text.HAL_RCCEx_GetPeriphCLKFreq
                0x080035f4      0xe88 CMakeFiles/lab02-stm32.dir/C_/Users/rusle/STM32Cube/Repository/STM32Cube_FW_H5_V1.6.0/Drivers/STM32H5xx_HAL_Driver/Src/stm32h5xx_hal_rcc_ex.c.obj
                0x080035f4                HAL_RCCEx_GetPeriphCLKFreq
 .text.HAL_GPIO_Init
                0x0800447c      0x2bc CMakeFiles/lab02-stm32.dir/C_/Users/rusle/STM32Cube/Repository/STM32Cube_FW_H5_V1.6.0/Drivers/STM32H5xx_HAL_Driver/Src/stm32h5xx_hal_gpio.c.obj
                0x0800447c                HAL_GPIO_Init
 .text.HAL_UART_Init
                0x08004738       0xa0 CMakeFiles/lab02-stm32.dir/C_/Users/rusle/STM32Cube/Repository/STM32Cube_FW_H5_V1.6.0/Drivers/STM32H5xx_HAL_Driver/Src/stm32h5xx_hal_uart.c.obj
                0x08004738                HAL_UART_Init
 .text.HAL_UART_MspInit
                0x080047d8       0x14 CMakeFiles/lab02-stm32.dir/C_/Users/rusle/STM32Cube/Repository/STM32Cube_FW_H5_V1.6.0/Drivers/STM32H5xx_HAL_Driver/Src/stm32h5xx_hal_uart.c.obj
                0x080047d8                HAL_UART_MspInit
 .text.HAL_UART_Transmit
                0x080047ec      0x150 CMakeFiles/lab02-stm32.dir/C_/Users/rusle/STM32Cube/Repository/STM32Cube_FW_H5_V1.6.0/Drivers/STM32H5xx_HAL_Driver/Src/stm32h5xx_hal_uart.c.obj
                0x080047ec                HAL_UART_Transmit
 .text.UART_SetConfig
                0x0800493c      0x2fc CMakeFiles/lab02-stm32.dir/C_/Users/rusle/STM32Cube/Repository/STM32Cube_FW_H5_V1.6.0/Drivers/STM32H5xx_HAL_Driver/Src/stm32h5xx_hal_uart.c.obj
                0x0800493c                UART_SetConfig
 .text.UART_AdvFeatureConfig
                0x08004c38      0x144 CMakeFiles/lab02-stm32.dir/C_/Users/rusle/STM32Cube/Repository/STM32Cube_FW_H5_V1.6.0/Drivers/STM32H5xx_HAL_Driver/Src/stm32h5xx_hal_uart.c.obj
                0x08004c38                UART_AdvFeatureConfig
 .text.UART_CheckIdleState
                0x08004d7c      0x154 CMakeFiles/lab02-stm32.dir/C_/Users/rusle/STM32Cube/Repository/STM32Cube_FW_H5_V1.6.0/Drivers/STM32H5xx_HAL_Driver/Src/stm32h5xx_hal_uart.c.obj
                0x08004d7c                UART_CheckIdleState
 .text.UART_WaitOnFlagUntilTimeout
                0x08004ed0       0xda CMakeFiles/lab02-stm32.dir/C_/Users/rusle/STM32Cube/Repository/STM32Cube_FW_H5_V1.6.0/Drivers/STM32H5xx_HAL_Driver/Src/stm32h5xx_hal_uart.c.obj
                0x08004ed0                UART_WaitOnFlagUntilTimeout
 .text.UART_EndRxTransfer
                0x08004faa       0xcc CMakeFiles/lab02-stm32.dir/C_/Users/rusle/STM32Cube/Repository/STM32Cube_FW_H5_V1.6.0/Drivers/STM32H5xx_HAL_Driver/Src/stm32h5xx_hal_uart.c.obj
 *fill*         0x08005076        0x2 
 .text.__NVIC_SetPriorityGrouping
                0x08005078       0x48 CMakeFiles/lab02-stm32.dir/C_/Users/rusle/STM32Cube/Repository/STM32Cube_FW_H5_V1.6.0/Drivers/STM32H5xx_HAL_Driver/Src/stm32h5xx_hal_cortex.c.obj
 .text.__NVIC_GetPriorityGrouping
                0x080050c0       0x1c CMakeFiles/lab02-stm32.dir/C_/Users/rusle/STM32Cube/Repository/STM32Cube_FW_H5_V1.6.0/Drivers/STM32H5xx_HAL_Driver/Src/stm32h5xx_hal_cortex.c.obj
 .text.__NVIC_SetPriority
                0x080050dc       0x54 CMakeFiles/lab02-stm32.dir/C_/Users/rusle/STM32Cube/Repository/STM32Cube_FW_H5_V1.6.0/Drivers/STM32H5xx_HAL_Driver/Src/stm32h5xx_hal_cortex.c.obj
 .text.NVIC_EncodePriority
                0x08005130       0x66 CMakeFiles/lab02-stm32.dir/C_/Users/rusle/STM32Cube/Repository/STM32Cube_FW_H5_V1.6.0/Drivers/STM32H5xx_HAL_Driver/Src/stm32h5xx_hal_cortex.c.obj
 .text.HAL_NVIC_SetPriorityGrouping
                0x08005196       0x16 CMakeFiles/lab02-stm32.dir/C_/Users/rusle/STM32Cube/Repository/STM32Cube_FW_H5_V1.6.0/Drivers/STM32H5xx_HAL_Driver/Src/stm32h5xx_hal_cortex.c.obj
                0x08005196                HAL_NVIC_SetPriorityGrouping
 .text.HAL_NVIC_SetPriority
                0x080051ac       0x34 CMakeFiles/lab02-stm32.dir/C_/Users/rusle/STM32Cube/Repository/STM32Cube_FW_H5_V1.6.0/Drivers/STM32H5xx_HAL_Driver/Src/stm32h5xx_hal_cortex.c.obj
                0x080051ac                HAL_NVIC_SetPriority
 .text.HAL_SYSTICK_Config
                0x080051e0       0x44 CMakeFiles/lab02-stm32.dir/C_/Users/rusle/STM32Cube/Repository/STM32Cube_FW_H5_V1.6.0/Drivers/STM32H5xx_HAL_Driver/Src/stm32h5xx_hal_cortex.c.obj
                0x080051e0                HAL_SYSTICK_Config
 .text.HAL_SYSTICK_CLKSourceConfig
                0x08005224       0xb0 CMakeFiles/lab02-stm32.dir/C_/Users/rusle/STM32Cube/Repository/STM32Cube_FW_H5_V1.6.0/Drivers/STM32H5xx_HAL_Driver/Src/stm32h5xx_hal_cortex.c.obj
                0x08005224                HAL_SYSTICK_CLKSourceConfig
 .text.HAL_SYSTICK_GetCLKSourceConfig
                0x080052d4       0x6c CMakeFiles/lab02-stm32.dir/C_/Users/rusle/STM32Cube/Repository/STM32Cube_FW_H5_V1.6.0/Drivers/STM32H5xx_HAL_Driver/Src/stm32h5xx_hal_cortex.c.obj
                0x080052d4                HAL_SYSTICK_GetCLKSourceConfig
 .text.HAL_ICACHE_Enable
                0x08005340       0x20 CMakeFiles/lab02-stm32.dir/C_/Users/rusle/STM32Cube/Repository/STM32Cube_FW_H5_V1.6.0/Drivers/STM32H5xx_HAL_Driver/Src/stm32h5xx_hal_icache.c.obj
                0x08005340                HAL_ICACHE_Enable
 .text.prvCreateTask
                0x08005360       0x78 CMakeFiles/lab02-stm32.dir/C_/FreeRTOS-Kernel/tasks.c.obj
 .text.xTaskCreate
                0x080053d8       0x46 CMakeFiles/lab02-stm32.dir/C_/FreeRTOS-Kernel/tasks.c.obj
                0x080053d8                xTaskCreate
 .text.prvInitialiseNewTask
                0x0800541e      0x11e CMakeFiles/lab02-stm32.dir/C_/FreeRTOS-Kernel/tasks.c.obj
 .text.prvAddNewTaskToReadyList
                0x0800553c      0x124 CMakeFiles/lab02-stm32.dir/C_/FreeRTOS-Kernel/tasks.c.obj
 .text.vTaskDelay
                0x08005660       0x4c CMakeFiles/lab02-stm32.dir/C_/FreeRTOS-Kernel/tasks.c.obj
                0x08005660                vTaskDelay
 .text.prvCreateIdleTasks
                0x080056ac       0xac CMakeFiles/lab02-stm32.dir/C_/FreeRTOS-Kernel/tasks.c.obj
 .text.vTaskStartScheduler
                0x08005758       0x68 CMakeFiles/lab02-stm32.dir/C_/FreeRTOS-Kernel/tasks.c.obj
                0x08005758                vTaskStartScheduler
 .text.vTaskSuspendAll
                0x080057c0       0x1c CMakeFiles/lab02-stm32.dir/C_/FreeRTOS-Kernel/tasks.c.obj
                0x080057c0                vTaskSuspendAll
 .text.xTaskResumeAll
                0x080057dc      0x1f4 CMakeFiles/lab02-stm32.dir/C_/FreeRTOS-Kernel/tasks.c.obj
                0x080057dc                xTaskResumeAll
 .text.xTaskGetTickCount
                0x080059d0       0x20 CMakeFiles/lab02-stm32.dir/C_/FreeRTOS-Kernel/tasks.c.obj
                0x080059d0                xTaskGetTickCount
 .text.uxTaskGetNumberOfTasks
                0x080059f0       0x18 CMakeFiles/lab02-stm32.dir/C_/FreeRTOS-Kernel/tasks.c.obj
                0x080059f0                uxTaskGetNumberOfTasks
 .text.xTaskIncrementTick
                0x08005a08      0x234 CMakeFiles/lab02-stm32.dir/C_/FreeRTOS-Kernel/tasks.c.obj
                0x08005a08                xTaskIncrementTick
 .text.vTaskSwitchContext
                0x08005c3c      0x10c CMakeFiles/lab02-stm32.dir/C_/FreeRTOS-Kernel/tasks.c.obj
                0x08005c3c                vTaskSwitchContext
 .text.vTaskPlaceOnEventList
                0x08005d48       0x3c CMakeFiles/lab02-stm32.dir/C_/FreeRTOS-Kernel/tasks.c.obj
                0x08005d48                vTaskPlaceOnEventList
 .text.vTaskPlaceOnEventListRestricted
                0x08005d84       0x7c CMakeFiles/lab02-stm32.dir/C_/FreeRTOS-Kernel/tasks.c.obj
                0x08005d84                vTaskPlaceOnEventListRestricted
 .text.xTaskRemoveFromEventList
                0x08005e00      0x1a0 CMakeFiles/lab02-stm32.dir/C_/FreeRTOS-Kernel/tasks.c.obj
                0x08005e00                xTaskRemoveFromEventList
 .text.vTaskInternalSetTimeOutState
                0x08005fa0       0x2c CMakeFiles/lab02-stm32.dir/C_/FreeRTOS-Kernel/tasks.c.obj
                0x08005fa0                vTaskInternalSetTimeOutState
 .text.xTaskCheckForTimeOut
                0x08005fcc       0xd0 CMakeFiles/lab02-stm32.dir/C_/FreeRTOS-Kernel/tasks.c.obj
                0x08005fcc                xTaskCheckForTimeOut
 .text.vTaskMissedYield
                0x0800609c       0x18 CMakeFiles/lab02-stm32.dir/C_/FreeRTOS-Kernel/tasks.c.obj
                0x0800609c                vTaskMissedYield
 .text.prvIdleTask
                0x080060b4       0x20 CMakeFiles/lab02-stm32.dir/C_/FreeRTOS-Kernel/tasks.c.obj
 .text.prvInitialiseTaskLists
                0x080060d4       0x80 CMakeFiles/lab02-stm32.dir/C_/FreeRTOS-Kernel/tasks.c.obj
 .text.prvCheckTasksWaitingTermination
                0x08006154       0x5c CMakeFiles/lab02-stm32.dir/C_/FreeRTOS-Kernel/tasks.c.obj
 .text.prvDeleteTCB
                0x080061b0       0x20 CMakeFiles/lab02-stm32.dir/C_/FreeRTOS-Kernel/tasks.c.obj
 .text.prvResetNextTaskUnblockTime
                0x080061d0       0x38 CMakeFiles/lab02-stm32.dir/C_/FreeRTOS-Kernel/tasks.c.obj
 .text.xTaskGetSchedulerState
                0x08006208       0x3c CMakeFiles/lab02-stm32.dir/C_/FreeRTOS-Kernel/tasks.c.obj
                0x08006208                xTaskGetSchedulerState
 .text.xTaskPriorityInherit
                0x08006244      0x124 CMakeFiles/lab02-stm32.dir/C_/FreeRTOS-Kernel/tasks.c.obj
                0x08006244                xTaskPriorityInherit
 .text.xTaskPriorityDisinherit
                0x08006368      0x114 CMakeFiles/lab02-stm32.dir/C_/FreeRTOS-Kernel/tasks.c.obj
                0x08006368                xTaskPriorityDisinherit
 .text.vTaskPriorityDisinheritAfterTimeout
                0x0800647c      0x13c CMakeFiles/lab02-stm32.dir/C_/FreeRTOS-Kernel/tasks.c.obj
                0x0800647c                vTaskPriorityDisinheritAfterTimeout
 .text.pvTaskIncrementMutexHeldCount
                0x080065b8       0x30 CMakeFiles/lab02-stm32.dir/C_/FreeRTOS-Kernel/tasks.c.obj
                0x080065b8                pvTaskIncrementMutexHeldCount
 .text.prvAddCurrentTaskToDelayedList
                0x080065e8       0xec CMakeFiles/lab02-stm32.dir/C_/FreeRTOS-Kernel/tasks.c.obj
 .text.xQueueGenericReset
                0x080066d4       0xf2 CMakeFiles/lab02-stm32.dir/C_/FreeRTOS-Kernel/queue.c.obj
                0x080066d4                xQueueGenericReset
 .text.xQueueGenericCreate
                0x080067c6       0x8e CMakeFiles/lab02-stm32.dir/C_/FreeRTOS-Kernel/queue.c.obj
                0x080067c6                xQueueGenericCreate
 .text.prvInitialiseNewQueue
                0x08006854       0x46 CMakeFiles/lab02-stm32.dir/C_/FreeRTOS-Kernel/queue.c.obj
 .text.prvInitialiseMutex
                0x0800689a       0x34 CMakeFiles/lab02-stm32.dir/C_/FreeRTOS-Kernel/queue.c.obj
 .text.xQueueCreateMutex
                0x080068ce       0x30 CMakeFiles/lab02-stm32.dir/C_/FreeRTOS-Kernel/queue.c.obj
                0x080068ce                xQueueCreateMutex
 .text.xQueueGenericSend
                0x080068fe      0x17e CMakeFiles/lab02-stm32.dir/C_/FreeRTOS-Kernel/queue.c.obj
                0x080068fe                xQueueGenericSend
 .text.xQueueGiveFromISR
                0x08006a7c       0xe4 CMakeFiles/lab02-stm32.dir/C_/FreeRTOS-Kernel/queue.c.obj
                0x08006a7c                xQueueGiveFromISR
 .text.xQueueReceive
                0x08006b60      0x166 CMakeFiles/lab02-stm32.dir/C_/FreeRTOS-Kernel/queue.c.obj
                0x08006b60                xQueueReceive
 .text.xQueueSemaphoreTake
                0x08006cc6      0x1ac CMakeFiles/lab02-stm32.dir/C_/FreeRTOS-Kernel/queue.c.obj
                0x08006cc6                xQueueSemaphoreTake
 .text.prvGetHighestPriorityOfWaitToReceiveList
                0x08006e72       0x30 CMakeFiles/lab02-stm32.dir/C_/FreeRTOS-Kernel/queue.c.obj
 .text.prvCopyDataToQueue
                0x08006ea2       0xd4 CMakeFiles/lab02-stm32.dir/C_/FreeRTOS-Kernel/queue.c.obj
 .text.prvCopyDataFromQueue
                0x08006f76       0x4c CMakeFiles/lab02-stm32.dir/C_/FreeRTOS-Kernel/queue.c.obj
 .text.prvUnlockQueue
                0x08006fc2       0xa4 CMakeFiles/lab02-stm32.dir/C_/FreeRTOS-Kernel/queue.c.obj
 .text.prvIsQueueEmpty
                0x08007066       0x2c CMakeFiles/lab02-stm32.dir/C_/FreeRTOS-Kernel/queue.c.obj
 .text.prvIsQueueFull
                0x08007092       0x30 CMakeFiles/lab02-stm32.dir/C_/FreeRTOS-Kernel/queue.c.obj
 *fill*         0x080070c2        0x2 
 .text.vQueueAddToRegistry
                0x080070c4       0x8c CMakeFiles/lab02-stm32.dir/C_/FreeRTOS-Kernel/queue.c.obj
                0x080070c4                vQueueAddToRegistry
 .text.vQueueWaitForMessageRestricted
                0x08007150       0x68 CMakeFiles/lab02-stm32.dir/C_/FreeRTOS-Kernel/queue.c.obj
                0x08007150                vQueueWaitForMessageRestricted
 .text.vListInitialise
                0x080071b8       0x40 CMakeFiles/lab02-stm32.dir/C_/FreeRTOS-Kernel/list.c.obj
                0x080071b8                vListInitialise
 .text.vListInitialiseItem
                0x080071f8       0x1a CMakeFiles/lab02-stm32.dir/C_/FreeRTOS-Kernel/list.c.obj
                0x080071f8                vListInitialiseItem
 .text.vListInsert
                0x08007212       0x72 CMakeFiles/lab02-stm32.dir/C_/FreeRTOS-Kernel/list.c.obj
                0x08007212                vListInsert
 .text.uxListRemove
                0x08007284       0x54 CMakeFiles/lab02-stm32.dir/C_/FreeRTOS-Kernel/list.c.obj
                0x08007284                uxListRemove
 .text.xTimerCreateTimerTask
                0x080072d8       0x58 CMakeFiles/lab02-stm32.dir/C_/FreeRTOS-Kernel/timers.c.obj
                0x080072d8                xTimerCreateTimerTask
 .text.xTimerCreate
                0x08007330       0x42 CMakeFiles/lab02-stm32.dir/C_/FreeRTOS-Kernel/timers.c.obj
                0x08007330                xTimerCreate
 .text.prvInitialiseNewTimer
                0x08007372       0x62 CMakeFiles/lab02-stm32.dir/C_/FreeRTOS-Kernel/timers.c.obj
 .text.xTimerGenericCommandFromTask
                0x080073d4       0x80 CMakeFiles/lab02-stm32.dir/C_/FreeRTOS-Kernel/timers.c.obj
                0x080073d4                xTimerGenericCommandFromTask
 .text.prvReloadTimer
                0x08007454       0x42 CMakeFiles/lab02-stm32.dir/C_/FreeRTOS-Kernel/timers.c.obj
 *fill*         0x08007496        0x2 
 .text.prvProcessExpiredTimer
                0x08007498       0x60 CMakeFiles/lab02-stm32.dir/C_/FreeRTOS-Kernel/timers.c.obj
 .text.prvTimerTask
                0x080074f8       0x26 CMakeFiles/lab02-stm32.dir/C_/FreeRTOS-Kernel/timers.c.obj
 *fill*         0x0800751e        0x2 
 .text.prvProcessTimerOrBlockTask
                0x08007520       0x8c CMakeFiles/lab02-stm32.dir/C_/FreeRTOS-Kernel/timers.c.obj
 .text.prvGetNextExpireTime
                0x080075ac       0x48 CMakeFiles/lab02-stm32.dir/C_/FreeRTOS-Kernel/timers.c.obj
 .text.prvSampleTimeNow
                0x080075f4       0x40 CMakeFiles/lab02-stm32.dir/C_/FreeRTOS-Kernel/timers.c.obj
 .text.prvInsertTimerInActiveList
                0x08007634       0x84 CMakeFiles/lab02-stm32.dir/C_/FreeRTOS-Kernel/timers.c.obj
 .text.prvProcessReceivedCommands
                0x080076b8      0x1b0 CMakeFiles/lab02-stm32.dir/C_/FreeRTOS-Kernel/timers.c.obj
 .text.prvSwitchTimerLists
                0x08007868       0x4c CMakeFiles/lab02-stm32.dir/C_/FreeRTOS-Kernel/timers.c.obj
 .text.prvCheckForValidListAndQueue
                0x080078b4       0x6c CMakeFiles/lab02-stm32.dir/C_/FreeRTOS-Kernel/timers.c.obj
 .text.pvPortMalloc
                0x08007920      0x1f8 CMakeFiles/lab02-stm32.dir/C_/FreeRTOS-Kernel/portable/MemMang/heap_4.c.obj
                0x08007920                pvPortMalloc
 .text.vPortFree
                0x08007b18       0xb4 CMakeFiles/lab02-stm32.dir/C_/FreeRTOS-Kernel/portable/MemMang/heap_4.c.obj
                0x08007b18                vPortFree
 .text.xPortGetFreeHeapSize
                0x08007bcc       0x18 CMakeFiles/lab02-stm32.dir/C_/FreeRTOS-Kernel/portable/MemMang/heap_4.c.obj
                0x08007bcc                xPortGetFreeHeapSize
 .text.prvHeapInit
                0x08007be4       0xb4 CMakeFiles/lab02-stm32.dir/C_/FreeRTOS-Kernel/portable/MemMang/heap_4.c.obj
 .text.prvInsertBlockIntoFreeList
                0x08007c98       0xd8 CMakeFiles/lab02-stm32.dir/C_/FreeRTOS-Kernel/portable/MemMang/heap_4.c.obj
 .text.vPortSetupTimerInterrupt
                0x08007d70       0x38 CMakeFiles/lab02-stm32.dir/C_/FreeRTOS-Kernel/portable/GCC/ARM_CM33_NTZ/non_secure/port.c.obj
                0x08007d70                vPortSetupTimerInterrupt
 .text.prvTaskExitError
                0x08007da8       0x38 CMakeFiles/lab02-stm32.dir/C_/FreeRTOS-Kernel/portable/GCC/ARM_CM33_NTZ/non_secure/port.c.obj
 .text.prvSetupFPU
                0x08007de0       0x30 CMakeFiles/lab02-stm32.dir/C_/FreeRTOS-Kernel/portable/GCC/ARM_CM33_NTZ/non_secure/port.c.obj
 .text.vPortYield
                0x08007e10       0x24 CMakeFiles/lab02-stm32.dir/C_/FreeRTOS-Kernel/portable/GCC/ARM_CM33_NTZ/non_secure/port.c.obj
                0x08007e10                vPortYield
 .text.vPortEnterCritical
                0x08007e34       0x24 CMakeFiles/lab02-stm32.dir/C_/FreeRTOS-Kernel/portable/GCC/ARM_CM33_NTZ/non_secure/port.c.obj
                0x08007e34                vPortEnterCritical
 .text.vPortExitCritical
                0x08007e58       0x34 CMakeFiles/lab02-stm32.dir/C_/FreeRTOS-Kernel/portable/GCC/ARM_CM33_NTZ/non_secure/port.c.obj
                0x08007e58                vPortExitCritical
 .text.SysTick_Handler
                0x08007e8c       0x30 CMakeFiles/lab02-stm32.dir/C_/FreeRTOS-Kernel/portable/GCC/ARM_CM33_NTZ/non_secure/port.c.obj
                0x08007e8c                SysTick_Handler
 .text.vPortSVCHandler_C
                0x08007ebc       0x36 CMakeFiles/lab02-stm32.dir/C_/FreeRTOS-Kernel/portable/GCC/ARM_CM33_NTZ/non_secure/port.c.obj
                0x08007ebc                vPortSVCHandler_C
 *fill*         0x08007ef2        0x2 
 .text.pxPortInitialiseStack
                0x08007ef4      0x114 CMakeFiles/lab02-stm32.dir/C_/FreeRTOS-Kernel/portable/GCC/ARM_CM33_NTZ/non_secure/port.c.obj
                0x08007ef4                pxPortInitialiseStack
 .text.xPortStartScheduler
                0x08008008       0x68 CMakeFiles/lab02-stm32.dir/C_/FreeRTOS-Kernel/portable/GCC/ARM_CM33_NTZ/non_secure/port.c.obj
                0x08008008                xPortStartScheduler
 .text.vPortValidateInterruptPriority
                0x08008070       0x60 CMakeFiles/lab02-stm32.dir/C_/FreeRTOS-Kernel/portable/GCC/ARM_CM33_NTZ/non_secure/port.c.obj
                0x08008070                vPortValidateInterruptPriority
 .text.vPortConfigureInterruptPriorities
                0x080080d0       0xd4 CMakeFiles/lab02-stm32.dir/C_/FreeRTOS-Kernel/portable/GCC/ARM_CM33_NTZ/non_secure/port.c.obj
                0x080080d0                vPortConfigureInterruptPriorities
 .text.vRestoreContextOfFirstTask
                0x080081a4       0x34 CMakeFiles/lab02-stm32.dir/C_/FreeRTOS-Kernel/portable/GCC/ARM_CM33_NTZ/non_secure/portasm.c.obj
                0x080081a4                vRestoreContextOfFirstTask
 .text.vStartFirstTask
                0x080081d8       0x20 CMakeFiles/lab02-stm32.dir/C_/FreeRTOS-Kernel/portable/GCC/ARM_CM33_NTZ/non_secure/portasm.c.obj
                0x080081d8                vStartFirstTask
 .text.ulSetInterruptMask
                0x080081f8       0x1a CMakeFiles/lab02-stm32.dir/C_/FreeRTOS-Kernel/portable/GCC/ARM_CM33_NTZ/non_secure/portasm.c.obj
                0x080081f8                ulSetInterruptMask
 .text.vClearInterruptMask
                0x08008212       0x10 CMakeFiles/lab02-stm32.dir/C_/FreeRTOS-Kernel/portable/GCC/ARM_CM33_NTZ/non_secure/portasm.c.obj
                0x08008212                vClearInterruptMask
 *fill*         0x08008222        0x2 
 .text.PendSV_Handler
                0x08008224       0x60 CMakeFiles/lab02-stm32.dir/C_/FreeRTOS-Kernel/portable/GCC/ARM_CM33_NTZ/non_secure/portasm.c.obj
                0x08008224                PendSV_Handler
 .text.SVC_Handler
                0x08008284       0x18 CMakeFiles/lab02-stm32.dir/C_/FreeRTOS-Kernel/portable/GCC/ARM_CM33_NTZ/non_secure/portasm.c.obj
                0x08008284                SVC_Handler
 .text.main     0x0800829c      0x128 CMakeFiles/lab02-stm32.dir/Src/main.c.obj
                0x0800829c                main
 .text.vApplicationTickHook
                0x080083c4        0xc CMakeFiles/lab02-stm32.dir/Src/main.c.obj
                0x080083c4                vApplicationTickHook
 .text.vApplicationStackOverflowHook
                0x080083d0       0x1c CMakeFiles/lab02-stm32.dir/Src/main.c.obj
                0x080083d0                vApplicationStackOverflowHook
 .text.vApplicationMallocFailedHook
                0x080083ec       0x14 CMakeFiles/lab02-stm32.dir/Src/main.c.obj
                0x080083ec                vApplicationMallocFailedHook
 .text.__io_putchar
                0x08008400       0x24 CMakeFiles/lab02-stm32.dir/Src/main.c.obj
                0x08008400                __io_putchar
 .text.SystemClock_Config
                0x08008424       0xd4 CMakeFiles/lab02-stm32.dir/Src/main.c.obj
 .text.uart_init
                0x080084f8       0xb4 CMakeFiles/lab02-stm32.dir/Src/main.c.obj
 .text.vSensorTask
                0x080085ac       0x5c CMakeFiles/lab02-stm32.dir/Src/lab_tasks.c.obj
                0x080085ac                vSensorTask
 .text.vDisplayTask
                0x08008608       0x58 CMakeFiles/lab02-stm32.dir/Src/lab_tasks.c.obj
                0x08008608                vDisplayTask
 .text.vStatusTask
                0x08008660       0x64 CMakeFiles/lab02-stm32.dir/Src/lab_tasks.c.obj
                0x08008660                vStatusTask
 .text.vStatusTimerCallback
                0x080086c4       0x3c CMakeFiles/lab02-stm32.dir/Src/lab_tasks.c.obj
                0x080086c4                vStatusTimerCallback
 .text.__udivmoddi4
                0x08008700      0x34c C:/Users/rusle/.mcuxpressotools/arm-gnu-toolchain-14.2.rel1-mingw-w64-x86_64-arm-none-eabi/bin/../lib/gcc/arm-none-eabi/14.2.1/thumb/v8-m.main+fp/hard\libgcc.a(_udivmoddi4.o)
                0x08008700                __udivmoddi4
 .text.printf   0x08008a4c       0x28 C:/Users/rusle/.mcuxpressotools/arm-gnu-toolchain-14.2.rel1-mingw-w64-x86_64-arm-none-eabi/bin/../lib/gcc/arm-none-eabi/14.2.1/thumb/v8-m.main+fp/hard\libg.a(libc_a-printf.o)
                0x08008a4c                printf
 .text._puts_r  0x08008a74       0xbc C:/Users/rusle/.mcuxpressotools/arm-gnu-toolchain-14.2.rel1-mingw-w64-x86_64-arm-none-eabi/bin/../lib/gcc/arm-none-eabi/14.2.1/thumb/v8-m.main+fp/hard\libg.a(libc_a-puts.o)
                0x08008a74                _puts_r
 .text.puts     0x08008b30       0x10 C:/Users/rusle/.mcuxpressotools/arm-gnu-toolchain-14.2.rel1-mingw-w64-x86_64-arm-none-eabi/bin/../lib/gcc/arm-none-eabi/14.2.1/thumb/v8-m.main+fp/hard\libg.a(libc_a-puts.o)
                0x08008b30                puts
 .text.strlen   0x08008b40       0x5c C:/Users/rusle/.mcuxpressotools/arm-gnu-toolchain-14.2.rel1-mingw-w64-x86_64-arm-none-eabi/bin/../lib/gcc/arm-none-eabi/14.2.1/thumb/v8-m.main+fp/hard\libg.a(libc_a-strlen-stub.o)
                0x08008b40                strlen
 *fill*         0x08008b9c        0x4 
 .text._vfprintf_r
                0x08008ba0     0x22a8 C:/Users/rusle/.mcuxpressotools/arm-gnu-toolchain-14.2.rel1-mingw-w64-x86_64-arm-none-eabi/bin/../lib/gcc/arm-none-eabi/14.2.1/thumb/v8-m.main+fp/hard\libg.a(libc_a-vfprintf.o)
                0x08008ba0                _vfprintf_r
 .text.__sbprintf
                0x0800ae48       0x84 C:/Users/rusle/.mcuxpressotools/arm-gnu-toolchain-14.2.rel1-mingw-w64-x86_64-arm-none-eabi/bin/../lib/gcc/arm-none-eabi/14.2.1/thumb/v8-m.main+fp/hard\libg.a(libc_a-vfprintf.o)
 .text.__sprint_r
                0x0800aecc       0x20 C:/Users/rusle/.mcuxpressotools/arm-gnu-toolchain-14.2.rel1-mingw-w64-x86_64-arm-none-eabi/bin/../lib/gcc/arm-none-eabi/14.2.1/thumb/v8-m.main+fp/hard\libg.a(libc_a-sprint_r.o)
                0x0800aecc                __sprint_r
 .text.__sfvwrite_r
                0x0800aeec      0x2e4 C:/Users/rusle/.mcuxpressotools/arm-gnu-toolchain-14.2.rel1-mingw-w64-x86_64-arm-none-eabi/bin/../lib/gcc/arm-none-eabi/14.2.1/thumb/v8-m.main+fp/hard\libg.a(libc_a-fvwrite.o)
                0x0800aeec                __sfvwrite_r
 .text.__swsetup_r
                0x0800b1d0      0x100 C:/Users/rusle/.mcuxpressotools/arm-gnu-toolchain-14.2.rel1-mingw-w64-x86_64-arm-none-eabi/bin/../lib/gcc/arm-none-eabi/14.2.1/thumb/v8-m.main+fp/hard\libg.a(libc_a-wsetup.o)
                0x0800b1d0                __swsetup_r
 .text.memmove  0x0800b2d0       0xfc C:/Users/rusle/.mcuxpressotools/arm-gnu-toolchain-14.2.rel1-mingw-w64-x86_64-arm-none-eabi/bin/../lib/gcc/arm-none-eabi/14.2.1/thumb/v8-m.main+fp/hard\libg.a(libc_a-memmove.o)
                0x0800b2d0                memmove
 .text.strncpy  0x0800b3cc       0x64 C:/Users/rusle/.mcuxpressotools/arm-gnu-toolchain-14.2.rel1-mingw-w64-x86_64-arm-none-eabi/bin/../lib/gcc/arm-none-eabi/14.2.1/thumb/v8-m.main+fp/hard\libg.a(libc_a-strncpy.o)
                0x0800b3cc                strncpy
 .text.__locale_mb_cur_max
                0x0800b430        0xc C:/Users/rusle/.mcuxpressotools/arm-gnu-toolchain-14.2.rel1-mingw-w64-x86_64-arm-none-eabi/bin/../lib/gcc/arm-none-eabi/14.2.1/thumb/v8-m.main+fp/hard\libg.a(libc_a-locale.o)
                0x0800b430                __locale_mb_cur_max
 .text._localeconv_r
                0x0800b43c        0x8 C:/Users/rusle/.mcuxpressotools/arm-gnu-toolchain-14.2.rel1-mingw-w64-x86_64-arm-none-eabi/bin/../lib/gcc/arm-none-eabi/14.2.1/thumb/v8-m.main+fp/hard\libg.a(libc_a-localeconv.o)
                0x0800b43c                _localeconv_r
 .text.memchr   0x0800b444       0x80 C:/Users/rusle/.mcuxpressotools/arm-gnu-toolchain-14.2.rel1-mingw-w64-x86_64-arm-none-eabi/bin/../lib/gcc/arm-none-eabi/14.2.1/thumb/v8-m.main+fp/hard\libg.a(libc_a-memchr-stub.o)
                0x0800b444                memchr
 .text.frexp    0x0800b4c4       0x64 C:/Users/rusle/.mcuxpressotools/arm-gnu-toolchain-14.2.rel1-mingw-w64-x86_64-arm-none-eabi/bin/../lib/gcc/arm-none-eabi/14.2.1/thumb/v8-m.main+fp/hard\libg.a(libm_a-s_frexp.o)
                0x0800b4c4                frexp
 .text.quorem   0x0800b528      0x138 C:/Users/rusle/.mcuxpressotools/arm-gnu-toolchain-14.2.rel1-mingw-w64-x86_64-arm-none-eabi/bin/../lib/gcc/arm-none-eabi/14.2.1/thumb/v8-m.main+fp/hard\libg.a(libc_a-dtoa.o)
 .text._dtoa_r  0x0800b660      0xffc C:/Users/rusle/.mcuxpressotools/arm-gnu-toolchain-14.2.rel1-mingw-w64-x86_64-arm-none-eabi/bin/../lib/gcc/arm-none-eabi/14.2.1/thumb/v8-m.main+fp/hard\libg.a(libc_a-dtoa.o)
                0x0800b660                _dtoa_r
 .text.__ascii_mbtowc
                0x0800c65c       0x2c C:/Users/rusle/.mcuxpressotools/arm-gnu-toolchain-14.2.rel1-mingw-w64-x86_64-arm-none-eabi/bin/../lib/gcc/arm-none-eabi/14.2.1/thumb/v8-m.main+fp/hard\libg.a(libc_a-mbtowc_r.o)
                0x0800c65c                __ascii_mbtowc
 .text._Balloc  0x0800c688       0x4c C:/Users/rusle/.mcuxpressotools/arm-gnu-toolchain-14.2.rel1-mingw-w64-x86_64-arm-none-eabi/bin/../lib/gcc/arm-none-eabi/14.2.1/thumb/v8-m.main+fp/hard\libg.a(libc_a-mprec.o)
                0x0800c688                _Balloc
 .text._Bfree   0x0800c6d4       0x14 C:/Users/rusle/.mcuxpressotools/arm-gnu-toolchain-14.2.rel1-mingw-w64-x86_64-arm-none-eabi/bin/../lib/gcc/arm-none-eabi/14.2.1/thumb/v8-m.main+fp/hard\libg.a(libc_a-mprec.o)
                0x0800c6d4                _Bfree
 .text.__multadd
                0x0800c6e8       0xa4 C:/Users/rusle/.mcuxpressotools/arm-gnu-toolchain-14.2.rel1-mingw-w64-x86_64-arm-none-eabi/bin/../lib/gcc/arm-none-eabi/14.2.1/thumb/v8-m.main+fp/hard\libg.a(libc_a-mprec.o)
                0x0800c6e8                __multadd
 .text.__hi0bits
                0x0800c78c       0x54 C:/Users/rusle/.mcuxpressotools/arm-gnu-toolchain-14.2.rel1-mingw-w64-x86_64-arm-none-eabi/bin/../lib/gcc/arm-none-eabi/14.2.1/thumb/v8-m.main+fp/hard\libg.a(libc_a-mprec.o)
                0x0800c78c                __hi0bits
 .text.__lo0bits
                0x0800c7e0       0x80 C:/Users/rusle/.mcuxpressotools/arm-gnu-toolchain-14.2.rel1-mingw-w64-x86_64-arm-none-eabi/bin/../lib/gcc/arm-none-eabi/14.2.1/thumb/v8-m.main+fp/hard\libg.a(libc_a-mprec.o)
                0x0800c7e0                __lo0bits
 .text.__i2b    0x0800c860       0x5c C:/Users/rusle/.mcuxpressotools/arm-gnu-toolchain-14.2.rel1-mingw-w64-x86_64-arm-none-eabi/bin/../lib/gcc/arm-none-eabi/14.2.1/thumb/v8-m.main+fp/hard\libg.a(libc_a-mprec.o)
                0x0800c860                __i2b
 .text.__multiply
                0x0800c8bc      0x168 C:/Users/rusle/.mcuxpressotools/arm-gnu-toolchain-14.2.rel1-mingw-w64-x86_64-arm-none-eabi/bin/../lib/gcc/arm-none-eabi/14.2.1/thumb/v8-m.main+fp/hard\libg.a(libc_a-mprec.o)
                0x0800c8bc                __multiply
 .text.__pow5mult
                0x0800ca24       0xc0 C:/Users/rusle/.mcuxpressotools/arm-gnu-toolchain-14.2.rel1-mingw-w64-x86_64-arm-none-eabi/bin/../lib/gcc/arm-none-eabi/14.2.1/thumb/v8-m.main+fp/hard\libg.a(libc_a-mprec.o)
                0x0800ca24                __pow5mult
 .text.__lshift
                0x0800cae4       0xe4 C:/Users/rusle/.mcuxpressotools/arm-gnu-toolchain-14.2.rel1-mingw-w64-x86_64-arm-none-eabi/bin/../lib/gcc/arm-none-eabi/14.2.1/thumb/v8-m.main+fp/hard\libg.a(libc_a-mprec.o)
                0x0800cae4                __lshift
 .text.__mcmp   0x0800cbc8       0x44 C:/Users/rusle/.mcuxpressotools/arm-gnu-toolchain-14.2.rel1-mingw-w64-x86_64-arm-none-eabi/bin/../lib/gcc/arm-none-eabi/14.2.1/thumb/v8-m.main+fp/hard\libg.a(libc_a-mprec.o)
                0x0800cbc8                __mcmp
 .text.__mdiff  0x0800cc0c      0x170 C:/Users/rusle/.mcuxpressotools/arm-gnu-toolchain-14.2.rel1-mingw-w64-x86_64-arm-none-eabi/bin/../lib/gcc/arm-none-eabi/14.2.1/thumb/v8-m.main+fp/hard\libg.a(libc_a-mprec.o)
                0x0800cc0c                __mdiff
 .text.__d2b    0x0800cd7c       0xbc C:/Users/rusle/.mcuxpressotools/arm-gnu-toolchain-14.2.rel1-mingw-w64-x86_64-arm-none-eabi/bin/../lib/gcc/arm-none-eabi/14.2.1/thumb/v8-m.main+fp/hard\libg.a(libc_a-mprec.o)
                0x0800cd7c                __d2b
 .text._realloc_r
                0x0800ce38      0x374 C:/Users/rusle/.mcuxpressotools/arm-gnu-toolchain-14.2.rel1-mingw-w64-x86_64-arm-none-eabi/bin/../lib/gcc/arm-none-eabi/14.2.1/thumb/v8-m.main+fp/hard\libg.a(libc_a-reallocr.o)
                0x0800ce38                _realloc_r
 .text.__ascii_wctomb
                0x0800d1ac       0x1c C:/Users/rusle/.mcuxpressotools/arm-gnu-toolchain-14.2.rel1-mingw-w64-x86_64-arm-none-eabi/bin/../lib/gcc/arm-none-eabi/14.2.1/thumb/v8-m.main+fp/hard\libg.a(libc_a-wctomb_r.o)
                0x0800d1ac                __ascii_wctomb
 .text._wcrtomb_r
                0x0800d1c8       0x4c C:/Users/rusle/.mcuxpressotools/arm-gnu-toolchain-14.2.rel1-mingw-w64-x86_64-arm-none-eabi/bin/../lib/gcc/arm-none-eabi/14.2.1/thumb/v8-m.main+fp/hard\libg.a(libc_a-wcrtomb.o)
                0x0800d1c8                _wcrtomb_r
 .text._wcsrtombs_r
                0x0800d214       0x18 C:/Users/rusle/.mcuxpressotools/arm-gnu-toolchain-14.2.rel1-mingw-w64-x86_64-arm-none-eabi/bin/../lib/gcc/arm-none-eabi/14.2.1/thumb/v8-m.main+fp/hard\libg.a(libc_a-wcsrtombs.o)
                0x0800d214                _wcsrtombs_r
 .text.__smakebuf_r
                0x0800d22c       0xd0 C:/Users/rusle/.mcuxpressotools/arm-gnu-toolchain-14.2.rel1-mingw-w64-x86_64-arm-none-eabi/bin/../lib/gcc/arm-none-eabi/14.2.1/thumb/v8-m.main+fp/hard\libg.a(libc_a-makebuf.o)
                0x0800d22c                __smakebuf_r
 .text._fstat_r
                0x0800d2fc       0x2c C:/Users/rusle/.mcuxpressotools/arm-gnu-toolchain-14.2.rel1-mingw-w64-x86_64-arm-none-eabi/bin/../lib/gcc/arm-none-eabi/14.2.1/thumb/v8-m.main+fp/hard\libg.a(libc_a-fstatr.o)
                0x0800d2fc                _fstat_r
 .text._isatty_r
                0x0800d328       0x24 C:/Users/rusle/.mcuxpressotools/arm-gnu-toolchain-14.2.rel1-mingw-w64-x86_64-arm-none-eabi/bin/../lib/gcc/arm-none-eabi/14.2.1/thumb/v8-m.main+fp/hard\libg.a(libc_a-isattyr.o)
                0x0800d328                _isatty_r
 .text.__assert_func
                0x0800d34c       0x3c C:/Users/rusle/.mcuxpressotools/arm-gnu-toolchain-14.2.rel1-mingw-w64-x86_64-arm-none-eabi/bin/../lib/gcc/arm-none-eabi/14.2.1/thumb/v8-m.main+fp/hard\libg.a(libc_a-assert.o)
                0x0800d34c                __assert_func
 .text._calloc_r
                0x0800d388       0x70 C:/Users/rusle/.mcuxpressotools/arm-gnu-toolchain-14.2.rel1-mingw-w64-x86_64-arm-none-eabi/bin/../lib/gcc/arm-none-eabi/14.2.1/thumb/v8-m.main+fp/hard\libg.a(libc_a-callocr.o)
                0x0800d388                _calloc_r
 .text._wcsnrtombs_l
                0x0800d3f8       0xf4 C:/Users/rusle/.mcuxpressotools/arm-gnu-toolchain-14.2.rel1-mingw-w64-x86_64-arm-none-eabi/bin/../lib/gcc/arm-none-eabi/14.2.1/thumb/v8-m.main+fp/hard\libg.a(libc_a-wcsnrtombs.o)
                0x0800d3f8                _wcsnrtombs_l
 .text._wcsnrtombs_r
                0x0800d4ec       0x24 C:/Users/rusle/.mcuxpressotools/arm-gnu-toolchain-14.2.rel1-mingw-w64-x86_64-arm-none-eabi/bin/../lib/gcc/arm-none-eabi/14.2.1/thumb/v8-m.main+fp/hard\libg.a(libc_a-wcsnrtombs.o)
                0x0800d4ec                _wcsnrtombs_r
 .text.fiprintf
                0x0800d510       0x28 C:/Users/rusle/.mcuxpressotools/arm-gnu-toolchain-14.2.rel1-mingw-w64-x86_64-arm-none-eabi/bin/../lib/gcc/arm-none-eabi/14.2.1/thumb/v8-m.main+fp/hard\libg.a(libc_a-fiprintf.o)
                0x0800d510                fiprintf
 .text._vfiprintf_r
                0x0800d538     0x11c8 C:/Users/rusle/.mcuxpressotools/arm-gnu-toolchain-14.2.rel1-mingw-w64-x86_64-arm-none-eabi/bin/../lib/gcc/arm-none-eabi/14.2.1/thumb/v8-m.main+fp/hard\libg.a(libc_a-vfiprintf.o)
                0x0800d538                _vfiprintf_r
 .text.__sbprintf
                0x0800e700       0x84 C:/Users/rusle/.mcuxpressotools/arm-gnu-toolchain-14.2.rel1-mingw-w64-x86_64-arm-none-eabi/bin/../lib/gcc/arm-none-eabi/14.2.1/thumb/v8-m.main+fp/hard\libg.a(libc_a-vfiprintf.o)
 .text.abort    0x0800e784       0x10 C:/Users/rusle/.mcuxpressotools/arm-gnu-toolchain-14.2.rel1-mingw-w64-x86_64-arm-none-eabi/bin/../lib/gcc/arm-none-eabi/14.2.1/thumb/v8-m.main+fp/hard\libg.a(libc_a-abort.o)
                0x0800e784                abort
 .text.raise    0x0800e794       0x58 C:/Users/rusle/.mcuxpressotools/arm-gnu-toolchain-14.2.rel1-mingw-w64-x86_64-arm-none-eabi/bin/../lib/gcc/arm-none-eabi/14.2.1/thumb/v8-m.main+fp/hard\libg.a(libc_a-signal.o)
                0x0800e794                raise
 .text._kill_r  0x0800e7ec       0x2c C:/Users/rusle/.mcuxpressotools/arm-gnu-toolchain-14.2.rel1-mingw-w64-x86_64-arm-none-eabi/bin/../lib/gcc/arm-none-eabi/14.2.1/thumb/v8-m.main+fp/hard\libg.a(libc_a-signalr.o)
                0x0800e7ec                _kill_r
 .text._getpid_r
                0x0800e818        0x4 C:/Users/rusle/.mcuxpressotools/arm-gnu-toolchain-14.2.rel1-mingw-w64-x86_64-arm-none-eabi/bin/../lib/gcc/arm-none-eabi/14.2.1/thumb/v8-m.main+fp/hard\libg.a(libc_a-signalr.o)
                0x0800e818                _getpid_r
 *(.glue_7)
 .glue_7        0x0800e81c        0x0 linker stubs
 *(.glue_7t)
 .glue_7t       0x0800e81c        0x0 linker stubs
 *(.eh_frame)
 .eh_frame      0x0800e81c        0x0 C:/Users/rusle/.mcuxpressotools/arm-gnu-toolchain-14.2.rel1-mingw-w64-x86_64-arm-none-eabi/bin/../lib/gcc/arm-none-eabi/14.2.1/thumb/v8-m.main+fp/hard/crtbegin.o
 *(.init)
 .init          0x0800e81c        0x4 C:/Users/rusle/.mcuxpressotools/arm-gnu-toolchain-14.2.rel1-mingw-w64-x86_64-arm-none-eabi/bin/../lib/gcc/arm-none-eabi/14.2.1/thumb/v8-m.main+fp/hard/crti.o
                0x0800e81c                _init
 .init          0x0800e820        0x8 C:/Users/rusle/.mcuxpressotools/arm-gnu-toolchain-14.2.rel1-mingw-w64-x86_64-arm-none-eabi/bin/../lib/gcc/arm-none-eabi/14.2.1/thumb/v8-m.main+fp/hard/crtn.o
 *(.fini)
 .fini          0x0800e828        0x4 C:/Users/rusle/.mcuxpressotools/arm-gnu-toolchain-14.2.rel1-mingw-w64-x86_64-arm-none-eabi/bin/../lib/gcc/arm-none-eabi/14.2.1/thumb/v8-m.main+fp/hard/crti.o
                0x0800e828                _fini
 .fini          0x0800e82c        0x8 C:/Users/rusle/.mcuxpressotools/arm-gnu-toolchain-14.2.rel1-mingw-w64-x86_64-arm-none-eabi/bin/../lib/gcc/arm-none-eabi/14.2.1/thumb/v8-m.main+fp/hard/crtn.o
                0x0800e834                        . = ALIGN (0x4)
                0x0800e834                        _etext = .

.vfp11_veneer   0x0800e834        0x0
 .vfp11_veneer  0x0800e834        0x0 linker stubs

.v4_bx          0x0800e834        0x0
 .v4_bx         0x0800e834        0x0 linker stubs

.iplt           0x0800e834        0x0
 .iplt          0x0800e834        0x0 C:/Users/rusle/.mcuxpressotools/arm-gnu-toolchain-14.2.rel1-mingw-w64-x86_64-arm-none-eabi/bin/../lib/gcc/arm-none-eabi/14.2.1/thumb/v8-m.main+fp/hard/crtbegin.o

.rodata         0x0800e838      0x5bc
                0x0800e838                        . = ALIGN (0x4)
 *(.rodata)
 .rodata        0x0800e838       0x17 CMakeFiles/lab02-stm32.dir/C_/FreeRTOS-Kernel/tasks.c.obj
 *fill*         0x0800e84f        0x1 
 .rodata        0x0800e850        0xd CMakeFiles/lab02-stm32.dir/C_/FreeRTOS-Kernel/timers.c.obj
 *fill*         0x0800e85d        0x3 
 .rodata        0x0800e860      0x110 CMakeFiles/lab02-stm32.dir/Src/main.c.obj
 .rodata        0x0800e970       0x5d CMakeFiles/lab02-stm32.dir/Src/lab_tasks.c.obj
 *(.rodata*)
 *fill*         0x0800e9cd        0x3 
 .rodata.AHBPrescTable
                0x0800e9d0       0x10 CMakeFiles/lab02-stm32.dir/C_/Users/rusle/STM32Cube/Repository/STM32Cube_FW_H5_V1.6.0/Drivers/CMSIS/Device/ST/STM32H5xx/Source/Templates/system_stm32h5xx.c.obj
                0x0800e9d0                AHBPrescTable
 .rodata.APBPrescTable
                0x0800e9e0        0x8 CMakeFiles/lab02-stm32.dir/C_/Users/rusle/STM32Cube/Repository/STM32Cube_FW_H5_V1.6.0/Drivers/CMSIS/Device/ST/STM32H5xx/Source/Templates/system_stm32h5xx.c.obj
                0x0800e9e0                APBPrescTable
 .rodata.UARTPrescTable
                0x0800e9e8       0x18 CMakeFiles/lab02-stm32.dir/C_/Users/rusle/STM32Cube/Repository/STM32Cube_FW_H5_V1.6.0/Drivers/STM32H5xx_HAL_Driver/Src/stm32h5xx_hal_uart.c.obj
                0x0800e9e8                UARTPrescTable
 .rodata.uxTopUsedPriority
                0x0800ea00        0x4 CMakeFiles/lab02-stm32.dir/C_/FreeRTOS-Kernel/tasks.c.obj
 .rodata._puts_r.str1.4
                0x0800ea04      0x1ab C:/Users/rusle/.mcuxpressotools/arm-gnu-toolchain-14.2.rel1-mingw-w64-x86_64-arm-none-eabi/bin/../lib/gcc/arm-none-eabi/14.2.1/thumb/v8-m.main+fp/hard\libg.a(libc_a-puts.o)
                                  0x2 (size before relaxing)
 .rodata._vfprintf_r.str1.4
                0x0800ebaf       0x42 C:/Users/rusle/.mcuxpressotools/arm-gnu-toolchain-14.2.rel1-mingw-w64-x86_64-arm-none-eabi/bin/../lib/gcc/arm-none-eabi/14.2.1/thumb/v8-m.main+fp/hard\libg.a(libc_a-vfprintf.o)
 *fill*         0x0800ebaf        0x1 
 .rodata.zeroes.0
                0x0800ebb0       0x10 C:/Users/rusle/.mcuxpressotools/arm-gnu-toolchain-14.2.rel1-mingw-w64-x86_64-arm-none-eabi/bin/../lib/gcc/arm-none-eabi/14.2.1/thumb/v8-m.main+fp/hard\libg.a(libc_a-vfprintf.o)
 .rodata.blanks.1
                0x0800ebc0       0x10 C:/Users/rusle/.mcuxpressotools/arm-gnu-toolchain-14.2.rel1-mingw-w64-x86_64-arm-none-eabi/bin/../lib/gcc/arm-none-eabi/14.2.1/thumb/v8-m.main+fp/hard\libg.a(libc_a-vfprintf.o)
 .rodata.str1.4
                0x0800ebd0       0x4c C:/Users/rusle/.mcuxpressotools/arm-gnu-toolchain-14.2.rel1-mingw-w64-x86_64-arm-none-eabi/bin/../lib/gcc/arm-none-eabi/14.2.1/thumb/v8-m.main+fp/hard\libg.a(libc_a-locale.o)
 .rodata._dtoa_r.str1.4
                0x0800ebd0       0x83 C:/Users/rusle/.mcuxpressotools/arm-gnu-toolchain-14.2.rel1-mingw-w64-x86_64-arm-none-eabi/bin/../lib/gcc/arm-none-eabi/14.2.1/thumb/v8-m.main+fp/hard\libg.a(libc_a-dtoa.o)
 .rodata.__multadd.str1.4
                0x0800ebd0       0x70 C:/Users/rusle/.mcuxpressotools/arm-gnu-toolchain-14.2.rel1-mingw-w64-x86_64-arm-none-eabi/bin/../lib/gcc/arm-none-eabi/14.2.1/thumb/v8-m.main+fp/hard\libg.a(libc_a-mprec.o)
 .rodata.p05.0  0x0800ebd0        0xc C:/Users/rusle/.mcuxpressotools/arm-gnu-toolchain-14.2.rel1-mingw-w64-x86_64-arm-none-eabi/bin/../lib/gcc/arm-none-eabi/14.2.1/thumb/v8-m.main+fp/hard\libg.a(libc_a-mprec.o)
 *fill*         0x0800ebdc        0x4 
 .rodata.__mprec_bigtens
                0x0800ebe0       0x28 C:/Users/rusle/.mcuxpressotools/arm-gnu-toolchain-14.2.rel1-mingw-w64-x86_64-arm-none-eabi/bin/../lib/gcc/arm-none-eabi/14.2.1/thumb/v8-m.main+fp/hard\libg.a(libc_a-mprec.o)
                0x0800ebe0                __mprec_bigtens
 .rodata.__mprec_tens
                0x0800ec08       0xc8 C:/Users/rusle/.mcuxpressotools/arm-gnu-toolchain-14.2.rel1-mingw-w64-x86_64-arm-none-eabi/bin/../lib/gcc/arm-none-eabi/14.2.1/thumb/v8-m.main+fp/hard\libg.a(libc_a-mprec.o)
                0x0800ec08                __mprec_tens
 .rodata._ctype_
                0x0800ecd0      0x101 C:/Users/rusle/.mcuxpressotools/arm-gnu-toolchain-14.2.rel1-mingw-w64-x86_64-arm-none-eabi/bin/../lib/gcc/arm-none-eabi/14.2.1/thumb/v8-m.main+fp/hard\libg.a(libc_a-ctype_.o)
                0x0800ecd0                _ctype_
 .rodata.__assert_func.str1.4
                0x0800edd1       0x43 C:/Users/rusle/.mcuxpressotools/arm-gnu-toolchain-14.2.rel1-mingw-w64-x86_64-arm-none-eabi/bin/../lib/gcc/arm-none-eabi/14.2.1/thumb/v8-m.main+fp/hard\libg.a(libc_a-assert.o)
 .rodata._vfiprintf_r.str1.4
                0x0800edd1       0x2f C:/Users/rusle/.mcuxpressotools/arm-gnu-toolchain-14.2.rel1-mingw-w64-x86_64-arm-none-eabi/bin/../lib/gcc/arm-none-eabi/14.2.1/thumb/v8-m.main+fp/hard\libg.a(libc_a-vfiprintf.o)
 *fill*         0x0800edd1        0x3 
 .rodata.zeroes.0
                0x0800edd4       0x10 C:/Users/rusle/.mcuxpressotools/arm-gnu-toolchain-14.2.rel1-mingw-w64-x86_64-arm-none-eabi/bin/../lib/gcc/arm-none-eabi/14.2.1/thumb/v8-m.main+fp/hard\libg.a(libc_a-vfiprintf.o)
 .rodata.blanks.1
                0x0800ede4       0x10 C:/Users/rusle/.mcuxpressotools/arm-gnu-toolchain-14.2.rel1-mingw-w64-x86_64-arm-none-eabi/bin/../lib/gcc/arm-none-eabi/14.2.1/thumb/v8-m.main+fp/hard\libg.a(libc_a-vfiprintf.o)
                0x0800edf4                        . = ALIGN (0x4)

.ARM.extab      0x0800edf4        0x0
                0x0800edf4                        . = ALIGN (0x4)
 *(.ARM.extab* .gnu.linkonce.armextab.*)
                0x0800edf4                        . = ALIGN (0x4)

.ARM            0x0800edf4        0x8
                0x0800edf4                        . = ALIGN (0x4)
                0x0800edf4                        __exidx_start = .
 *(.ARM.exidx*)
 .ARM.exidx     0x0800edf4        0x8 C:/Users/rusle/.mcuxpressotools/arm-gnu-toolchain-14.2.rel1-mingw-w64-x86_64-arm-none-eabi/bin/../lib/gcc/arm-none-eabi/14.2.1/thumb/v8-m.main+fp/hard\libg.a(libc_a-memcpy.o)
 .ARM.exidx.text.__udivmoddi4
                0x0800edfc        0x0 C:/Users/rusle/.mcuxpressotools/arm-gnu-toolchain-14.2.rel1-mingw-w64-x86_64-arm-none-eabi/bin/../lib/gcc/arm-none-eabi/14.2.1/thumb/v8-m.main+fp/hard\libgcc.a(_udivmoddi4.o)
                                  0x8 (size before relaxing)
                0x0800edfc                        __exidx_end = .
                0x0800edfc                        . = ALIGN (0x4)

.preinit_array  0x0800edfc        0x0
                0x0800edfc                        . = ALIGN (0x4)
                0x0800edfc                        PROVIDE (__preinit_array_start = .)
 *(.preinit_array*)
                0x0800edfc                        PROVIDE (__preinit_array_end = .)
                0x0800edfc                        . = ALIGN (0x4)

.init_array     0x0800edfc        0x8
                0x0800edfc                        . = ALIGN (0x4)
                0x0800edfc                        PROVIDE (__init_array_start = .)
 *(SORT_BY_NAME(.init_array.*))
 .init_array.00000
                0x0800edfc        0x4 C:/Users/rusle/.mcuxpressotools/arm-gnu-toolchain-14.2.rel1-mingw-w64-x86_64-arm-none-eabi/bin/../lib/gcc/arm-none-eabi/14.2.1/thumb/v8-m.main+fp/hard\libc.a(libc_a-__call_atexit.o)
 *(.init_array*)
 .init_array    0x0800ee00        0x4 C:/Users/rusle/.mcuxpressotools/arm-gnu-toolchain-14.2.rel1-mingw-w64-x86_64-arm-none-eabi/bin/../lib/gcc/arm-none-eabi/14.2.1/thumb/v8-m.main+fp/hard/crtbegin.o
                0x0800ee04                        PROVIDE (__init_array_end = .)
                0x0800ee04                        . = ALIGN (0x4)

.fini_array     0x0800ee04        0x4
                0x0800ee04                        . = ALIGN (0x4)
                0x0800ee04                        PROVIDE (__fini_array_start = .)
 *(SORT_BY_NAME(.fini_array.*))
 *(.fini_array*)
 .fini_array    0x0800ee04        0x4 C:/Users/rusle/.mcuxpressotools/arm-gnu-toolchain-14.2.rel1-mingw-w64-x86_64-arm-none-eabi/bin/../lib/gcc/arm-none-eabi/14.2.1/thumb/v8-m.main+fp/hard/crtbegin.o
                0x0800ee08                        PROVIDE (__fini_array_end = .)
                0x0800ee08                        . = ALIGN (0x4)
                0x0800ee08                        _sidata = LOADADDR (.data)

.rel.dyn        0x0800ee08        0x0
 .rel.iplt      0x0800ee08        0x0 C:/Users/rusle/.mcuxpressotools/arm-gnu-toolchain-14.2.rel1-mingw-w64-x86_64-arm-none-eabi/bin/../lib/gcc/arm-none-eabi/14.2.1/thumb/v8-m.main+fp/hard/crtbegin.o

.data           0x20000000      0x6e4 load address 0x0800ee08
                0x20000000                        _sdata = .
 *(.data)
 *(.data*)
 .data.__sglue  0x20000000        0xc C:/Users/rusle/.mcuxpressotools/arm-gnu-toolchain-14.2.rel1-mingw-w64-x86_64-arm-none-eabi/bin/../lib/gcc/arm-none-eabi/14.2.1/thumb/v8-m.main+fp/hard\libc.a(libc_a-findfp.o)
                0x20000000                __sglue
 .data._impure_ptr
                0x2000000c        0x4 C:/Users/rusle/.mcuxpressotools/arm-gnu-toolchain-14.2.rel1-mingw-w64-x86_64-arm-none-eabi/bin/../lib/gcc/arm-none-eabi/14.2.1/thumb/v8-m.main+fp/hard\libc.a(libc_a-impure.o)
                0x2000000c                _impure_ptr
 .data._impure_data
                0x20000010      0x140 C:/Users/rusle/.mcuxpressotools/arm-gnu-toolchain-14.2.rel1-mingw-w64-x86_64-arm-none-eabi/bin/../lib/gcc/arm-none-eabi/14.2.1/thumb/v8-m.main+fp/hard\libc.a(libc_a-impure.o)
                0x20000010                _impure_data
 .data.__atexit_recursive_mutex
                0x20000150        0x4 C:/Users/rusle/.mcuxpressotools/arm-gnu-toolchain-14.2.rel1-mingw-w64-x86_64-arm-none-eabi/bin/../lib/gcc/arm-none-eabi/14.2.1/thumb/v8-m.main+fp/hard\libc.a(libc_a-__call_atexit.o)
                0x20000150                __atexit_recursive_mutex
 .data.__malloc_sbrk_base
                0x20000154        0x4 C:/Users/rusle/.mcuxpressotools/arm-gnu-toolchain-14.2.rel1-mingw-w64-x86_64-arm-none-eabi/bin/../lib/gcc/arm-none-eabi/14.2.1/thumb/v8-m.main+fp/hard\libc.a(libc_a-mallocr.o)
                0x20000154                __malloc_sbrk_base
 .data.__malloc_trim_threshold
                0x20000158        0x4 C:/Users/rusle/.mcuxpressotools/arm-gnu-toolchain-14.2.rel1-mingw-w64-x86_64-arm-none-eabi/bin/../lib/gcc/arm-none-eabi/14.2.1/thumb/v8-m.main+fp/hard\libc.a(libc_a-mallocr.o)
                0x20000158                __malloc_trim_threshold
 *fill*         0x2000015c        0x4 
 .data.__malloc_av_
                0x20000160      0x408 C:/Users/rusle/.mcuxpressotools/arm-gnu-toolchain-14.2.rel1-mingw-w64-x86_64-arm-none-eabi/bin/../lib/gcc/arm-none-eabi/14.2.1/thumb/v8-m.main+fp/hard\libc.a(libc_a-mallocr.o)
                0x20000160                __malloc_av_
 .data.SystemCoreClock
                0x20000568        0x4 CMakeFiles/lab02-stm32.dir/C_/Users/rusle/STM32Cube/Repository/STM32Cube_FW_H5_V1.6.0/Drivers/CMSIS/Device/ST/STM32H5xx/Source/Templates/system_stm32h5xx.c.obj
                0x20000568                SystemCoreClock
 .data.uwTickPrio
                0x2000056c        0x4 CMakeFiles/lab02-stm32.dir/C_/Users/rusle/STM32Cube/Repository/STM32Cube_FW_H5_V1.6.0/Drivers/STM32H5xx_HAL_Driver/Src/stm32h5xx_hal.c.obj
                0x2000056c                uwTickPrio
 .data.uwTickFreq
                0x20000570        0x1 CMakeFiles/lab02-stm32.dir/C_/Users/rusle/STM32Cube/Repository/STM32Cube_FW_H5_V1.6.0/Drivers/STM32H5xx_HAL_Driver/Src/stm32h5xx_hal.c.obj
                0x20000570                uwTickFreq
 *fill*         0x20000571        0x3 
 .data.val.0    0x20000574        0x4 CMakeFiles/lab02-stm32.dir/Src/lab_tasks.c.obj
 .data.__global_locale
                0x20000578      0x16c C:/Users/rusle/.mcuxpressotools/arm-gnu-toolchain-14.2.rel1-mingw-w64-x86_64-arm-none-eabi/bin/../lib/gcc/arm-none-eabi/14.2.1/thumb/v8-m.main+fp/hard\libg.a(libc_a-locale.o)
                0x20000578                __global_locale
 *(.RamFunc)
 *(.RamFunc*)
                0x200006e4                        . = ALIGN (0x4)
                0x200006e4                        _edata = .

.tm_clone_table
                0x200006e4        0x0 load address 0x0800f4ec
 .tm_clone_table
                0x200006e4        0x0 C:/Users/rusle/.mcuxpressotools/arm-gnu-toolchain-14.2.rel1-mingw-w64-x86_64-arm-none-eabi/bin/../lib/gcc/arm-none-eabi/14.2.1/thumb/v8-m.main+fp/hard/crtbegin.o
 .tm_clone_table
                0x200006e4        0x0 C:/Users/rusle/.mcuxpressotools/arm-gnu-toolchain-14.2.rel1-mingw-w64-x86_64-arm-none-eabi/bin/../lib/gcc/arm-none-eabi/14.2.1/thumb/v8-m.main+fp/hard/crtend.o

.igot.plt       0x200006e4        0x0 load address 0x0800f4ec
 .igot.plt      0x200006e4        0x0 C:/Users/rusle/.mcuxpressotools/arm-gnu-toolchain-14.2.rel1-mingw-w64-x86_64-arm-none-eabi/bin/../lib/gcc/arm-none-eabi/14.2.1/thumb/v8-m.main+fp/hard/crtbegin.o

.bss            0x200006e4     0x55c0 load address 0x0800f4ec
                0x200006e4                        _sbss = .
                0x200006e4                        __bss_start__ = _sbss
 *(.bss)
 *(.bss*)
 .bss.completed.1
                0x200006e4        0x1 C:/Users/rusle/.mcuxpressotools/arm-gnu-toolchain-14.2.rel1-mingw-w64-x86_64-arm-none-eabi/bin/../lib/gcc/arm-none-eabi/14.2.1/thumb/v8-m.main+fp/hard/crtbegin.o
 *fill*         0x200006e5        0x3 
 .bss.object.0  0x200006e8       0x18 C:/Users/rusle/.mcuxpressotools/arm-gnu-toolchain-14.2.rel1-mingw-w64-x86_64-arm-none-eabi/bin/../lib/gcc/arm-none-eabi/14.2.1/thumb/v8-m.main+fp/hard/crtbegin.o
 .bss.__sf      0x20000700      0x138 C:/Users/rusle/.mcuxpressotools/arm-gnu-toolchain-14.2.rel1-mingw-w64-x86_64-arm-none-eabi/bin/../lib/gcc/arm-none-eabi/14.2.1/thumb/v8-m.main+fp/hard\libc.a(libc_a-findfp.o)
                0x20000700                __sf
 .bss.__stdio_exit_handler
                0x20000838        0x4 C:/Users/rusle/.mcuxpressotools/arm-gnu-toolchain-14.2.rel1-mingw-w64-x86_64-arm-none-eabi/bin/../lib/gcc/arm-none-eabi/14.2.1/thumb/v8-m.main+fp/hard\libc.a(libc_a-findfp.o)
                0x20000838                __stdio_exit_handler
 .bss.errno     0x2000083c        0x4 C:/Users/rusle/.mcuxpressotools/arm-gnu-toolchain-14.2.rel1-mingw-w64-x86_64-arm-none-eabi/bin/../lib/gcc/arm-none-eabi/14.2.1/thumb/v8-m.main+fp/hard\libc.a(libc_a-reent.o)
                0x2000083c                errno
 .bss.__lock___malloc_recursive_mutex
                0x20000840        0x1 C:/Users/rusle/.mcuxpressotools/arm-gnu-toolchain-14.2.rel1-mingw-w64-x86_64-arm-none-eabi/bin/../lib/gcc/arm-none-eabi/14.2.1/thumb/v8-m.main+fp/hard\libc.a(libc_a-lock.o)
                0x20000840                __lock___malloc_recursive_mutex
 *fill*         0x20000841        0x3 
 .bss.__lock___atexit_recursive_mutex
                0x20000844        0x1 C:/Users/rusle/.mcuxpressotools/arm-gnu-toolchain-14.2.rel1-mingw-w64-x86_64-arm-none-eabi/bin/../lib/gcc/arm-none-eabi/14.2.1/thumb/v8-m.main+fp/hard\libc.a(libc_a-lock.o)
                0x20000844                __lock___atexit_recursive_mutex
 *fill*         0x20000845        0x3 
 .bss.__lock___sfp_recursive_mutex
                0x20000848        0x1 C:/Users/rusle/.mcuxpressotools/arm-gnu-toolchain-14.2.rel1-mingw-w64-x86_64-arm-none-eabi/bin/../lib/gcc/arm-none-eabi/14.2.1/thumb/v8-m.main+fp/hard\libc.a(libc_a-lock.o)
                0x20000848                __lock___sfp_recursive_mutex
 *fill*         0x20000849        0x3 
 .bss.__atexit  0x2000084c        0x4 C:/Users/rusle/.mcuxpressotools/arm-gnu-toolchain-14.2.rel1-mingw-w64-x86_64-arm-none-eabi/bin/../lib/gcc/arm-none-eabi/14.2.1/thumb/v8-m.main+fp/hard\libc.a(libc_a-__call_atexit.o)
                0x2000084c                __atexit
 .bss.__malloc_current_mallinfo
                0x20000850       0x28 C:/Users/rusle/.mcuxpressotools/arm-gnu-toolchain-14.2.rel1-mingw-w64-x86_64-arm-none-eabi/bin/../lib/gcc/arm-none-eabi/14.2.1/thumb/v8-m.main+fp/hard\libc.a(libc_a-mallocr.o)
                0x20000850                __malloc_current_mallinfo
 .bss.__malloc_max_total_mem
                0x20000878        0x4 C:/Users/rusle/.mcuxpressotools/arm-gnu-toolchain-14.2.rel1-mingw-w64-x86_64-arm-none-eabi/bin/../lib/gcc/arm-none-eabi/14.2.1/thumb/v8-m.main+fp/hard\libc.a(libc_a-mallocr.o)
                0x20000878                __malloc_max_total_mem
 .bss.__malloc_max_sbrked_mem
                0x2000087c        0x4 C:/Users/rusle/.mcuxpressotools/arm-gnu-toolchain-14.2.rel1-mingw-w64-x86_64-arm-none-eabi/bin/../lib/gcc/arm-none-eabi/14.2.1/thumb/v8-m.main+fp/hard\libc.a(libc_a-mallocr.o)
                0x2000087c                __malloc_max_sbrked_mem
 .bss.__malloc_top_pad
                0x20000880        0x4 C:/Users/rusle/.mcuxpressotools/arm-gnu-toolchain-14.2.rel1-mingw-w64-x86_64-arm-none-eabi/bin/../lib/gcc/arm-none-eabi/14.2.1/thumb/v8-m.main+fp/hard\libc.a(libc_a-mallocr.o)
                0x20000880                __malloc_top_pad
 .bss.__atexit0
                0x20000884      0x190 C:/Users/rusle/.mcuxpressotools/arm-gnu-toolchain-14.2.rel1-mingw-w64-x86_64-arm-none-eabi/bin/../lib/gcc/arm-none-eabi/14.2.1/thumb/v8-m.main+fp/hard\libc.a(libc_a-__atexit.o)
                0x20000884                __atexit0
 .bss.__sbrk_heap_end
                0x20000a14        0x4 CMakeFiles/lab02-stm32.dir/C_/Development/RTOS/stm32_labs/shared/Src/sysmem.c.obj
 .bss.uwTick    0x20000a18        0x4 CMakeFiles/lab02-stm32.dir/C_/Users/rusle/STM32Cube/Repository/STM32Cube_FW_H5_V1.6.0/Drivers/STM32H5xx_HAL_Driver/Src/stm32h5xx_hal.c.obj
                0x20000a18                uwTick
 .bss.pxCurrentTCB
                0x20000a1c        0x4 CMakeFiles/lab02-stm32.dir/C_/FreeRTOS-Kernel/tasks.c.obj
                0x20000a1c                pxCurrentTCB
 .bss.pxReadyTasksLists
                0x20000a20       0xa0 CMakeFiles/lab02-stm32.dir/C_/FreeRTOS-Kernel/tasks.c.obj
 .bss.xDelayedTaskList1
                0x20000ac0       0x14 CMakeFiles/lab02-stm32.dir/C_/FreeRTOS-Kernel/tasks.c.obj
 .bss.xDelayedTaskList2
                0x20000ad4       0x14 CMakeFiles/lab02-stm32.dir/C_/FreeRTOS-Kernel/tasks.c.obj
 .bss.pxDelayedTaskList
                0x20000ae8        0x4 CMakeFiles/lab02-stm32.dir/C_/FreeRTOS-Kernel/tasks.c.obj
 .bss.pxOverflowDelayedTaskList
                0x20000aec        0x4 CMakeFiles/lab02-stm32.dir/C_/FreeRTOS-Kernel/tasks.c.obj
 .bss.xPendingReadyList
                0x20000af0       0x14 CMakeFiles/lab02-stm32.dir/C_/FreeRTOS-Kernel/tasks.c.obj
 .bss.xTasksWaitingTermination
                0x20000b04       0x14 CMakeFiles/lab02-stm32.dir/C_/FreeRTOS-Kernel/tasks.c.obj
 .bss.uxDeletedTasksWaitingCleanUp
                0x20000b18        0x4 CMakeFiles/lab02-stm32.dir/C_/FreeRTOS-Kernel/tasks.c.obj
 .bss.xSuspendedTaskList
                0x20000b1c       0x14 CMakeFiles/lab02-stm32.dir/C_/FreeRTOS-Kernel/tasks.c.obj
 .bss.uxCurrentNumberOfTasks
                0x20000b30        0x4 CMakeFiles/lab02-stm32.dir/C_/FreeRTOS-Kernel/tasks.c.obj
 .bss.xTickCount
                0x20000b34        0x4 CMakeFiles/lab02-stm32.dir/C_/FreeRTOS-Kernel/tasks.c.obj
 .bss.uxTopReadyPriority
                0x20000b38        0x4 CMakeFiles/lab02-stm32.dir/C_/FreeRTOS-Kernel/tasks.c.obj
 .bss.xSchedulerRunning
                0x20000b3c        0x4 CMakeFiles/lab02-stm32.dir/C_/FreeRTOS-Kernel/tasks.c.obj
 .bss.xPendedTicks
                0x20000b40        0x4 CMakeFiles/lab02-stm32.dir/C_/FreeRTOS-Kernel/tasks.c.obj
 .bss.xYieldPendings
                0x20000b44        0x4 CMakeFiles/lab02-stm32.dir/C_/FreeRTOS-Kernel/tasks.c.obj
 .bss.xNumOfOverflows
                0x20000b48        0x4 CMakeFiles/lab02-stm32.dir/C_/FreeRTOS-Kernel/tasks.c.obj
 .bss.uxTaskNumber
                0x20000b4c        0x4 CMakeFiles/lab02-stm32.dir/C_/FreeRTOS-Kernel/tasks.c.obj
 .bss.xNextTaskUnblockTime
                0x20000b50        0x4 CMakeFiles/lab02-stm32.dir/C_/FreeRTOS-Kernel/tasks.c.obj
 .bss.xIdleTaskHandles
                0x20000b54        0x4 CMakeFiles/lab02-stm32.dir/C_/FreeRTOS-Kernel/tasks.c.obj
 .bss.uxSchedulerSuspended
                0x20000b58        0x4 CMakeFiles/lab02-stm32.dir/C_/FreeRTOS-Kernel/tasks.c.obj
 .bss.xQueueRegistry
                0x20000b5c       0x40 CMakeFiles/lab02-stm32.dir/C_/FreeRTOS-Kernel/queue.c.obj
                0x20000b5c                xQueueRegistry
 .bss.xActiveTimerList1
                0x20000b9c       0x14 CMakeFiles/lab02-stm32.dir/C_/FreeRTOS-Kernel/timers.c.obj
 .bss.xActiveTimerList2
                0x20000bb0       0x14 CMakeFiles/lab02-stm32.dir/C_/FreeRTOS-Kernel/timers.c.obj
 .bss.pxCurrentTimerList
                0x20000bc4        0x4 CMakeFiles/lab02-stm32.dir/C_/FreeRTOS-Kernel/timers.c.obj
 .bss.pxOverflowTimerList
                0x20000bc8        0x4 CMakeFiles/lab02-stm32.dir/C_/FreeRTOS-Kernel/timers.c.obj
 .bss.xTimerQueue
                0x20000bcc        0x4 CMakeFiles/lab02-stm32.dir/C_/FreeRTOS-Kernel/timers.c.obj
 .bss.xTimerTaskHandle
                0x20000bd0        0x4 CMakeFiles/lab02-stm32.dir/C_/FreeRTOS-Kernel/timers.c.obj
 .bss.xLastTime.0
                0x20000bd4        0x4 CMakeFiles/lab02-stm32.dir/C_/FreeRTOS-Kernel/timers.c.obj
 .bss.ucHeap    0x20000bd8     0x5000 CMakeFiles/lab02-stm32.dir/C_/FreeRTOS-Kernel/portable/MemMang/heap_4.c.obj
 .bss.xStart    0x20005bd8        0x8 CMakeFiles/lab02-stm32.dir/C_/FreeRTOS-Kernel/portable/MemMang/heap_4.c.obj
 .bss.pxEnd     0x20005be0        0x4 CMakeFiles/lab02-stm32.dir/C_/FreeRTOS-Kernel/portable/MemMang/heap_4.c.obj
 .bss.xFreeBytesRemaining
                0x20005be4        0x4 CMakeFiles/lab02-stm32.dir/C_/FreeRTOS-Kernel/portable/MemMang/heap_4.c.obj
 .bss.xMinimumEverFreeBytesRemaining
                0x20005be8        0x4 CMakeFiles/lab02-stm32.dir/C_/FreeRTOS-Kernel/portable/MemMang/heap_4.c.obj
 .bss.xNumberOfSuccessfulAllocations
                0x20005bec        0x4 CMakeFiles/lab02-stm32.dir/C_/FreeRTOS-Kernel/portable/MemMang/heap_4.c.obj
 .bss.xNumberOfSuccessfulFrees
                0x20005bf0        0x4 CMakeFiles/lab02-stm32.dir/C_/FreeRTOS-Kernel/portable/MemMang/heap_4.c.obj
 .bss.ulCriticalNesting
                0x20005bf4        0x4 CMakeFiles/lab02-stm32.dir/C_/FreeRTOS-Kernel/portable/GCC/ARM_CM33_NTZ/non_secure/port.c.obj
 .bss.ucMaxSysCallPriority
                0x20005bf8        0x1 CMakeFiles/lab02-stm32.dir/C_/FreeRTOS-Kernel/portable/GCC/ARM_CM33_NTZ/non_secure/port.c.obj
 *fill*         0x20005bf9        0x3 
 .bss.ulMaxPRIGROUPValue
                0x20005bfc        0x4 CMakeFiles/lab02-stm32.dir/C_/FreeRTOS-Kernel/portable/GCC/ARM_CM33_NTZ/non_secure/port.c.obj
 .bss.huart1    0x20005c00       0x94 CMakeFiles/lab02-stm32.dir/Src/main.c.obj
 .bss.xSensorQueue
                0x20005c94        0x4 CMakeFiles/lab02-stm32.dir/Src/lab_tasks.c.obj
                0x20005c94                xSensorQueue
 .bss.xUartMutex
                0x20005c98        0x4 CMakeFiles/lab02-stm32.dir/Src/lab_tasks.c.obj
                0x20005c98                xUartMutex
 .bss.xStatusSem
                0x20005c9c        0x4 CMakeFiles/lab02-stm32.dir/Src/lab_tasks.c.obj
                0x20005c9c                xStatusSem
 .bss.ch.1      0x20005ca0        0x4 CMakeFiles/lab02-stm32.dir/Src/lab_tasks.c.obj
 *(COMMON)
                0x20005ca4                        . = ALIGN (0x4)
                0x20005ca4                        _ebss = .
                0x20005ca4                        __bss_end__ = _ebss

._user_heap_stack
                0x20005ca4      0xc04 load address 0x0800f4ec
                0x20005ca8                        . = ALIGN (0x8)
 *fill*         0x20005ca4        0x4 
                [!provide]                        PROVIDE (end = .)
                0x20005ca8                        PROVIDE (_end = .)
                0x200060a8                        . = (. + _Min_Heap_Size)
 *fill*         0x20005ca8      0x400 
                0x200068a8                        . = (. + _Min_Stack_Size)
 *fill*         0x200060a8      0x800 
                0x200068a8                        . = ALIGN (0x8)

/DISCARD/
 libc.a:*(*)
 libm.a:*(*)
 libgcc.a:*(*)
