C:/FreeRTOS-Kernel/portable/GCC/ARM_CM33_NTZ/non_secure/port.c:847:32:vPortSetupTimerInterrupt	4	static
C:/FreeRTOS-Kernel/portable/GCC/ARM_CM33_NTZ/non_secure/port.c:875:13:prvTaskExitError	16	static
C:/FreeRTOS-Kernel/portable/GCC/ARM_CM33_NTZ/non_secure/port.c:1015:17:prvSetupFPU	4	static
C:/FreeRTOS-Kernel/portable/GCC/ARM_CM33_NTZ/non_secure/port.c:1040:6:vPortYield	4	static
C:/FreeRTOS-Kernel/portable/GCC/ARM_CM33_NTZ/non_secure/port.c:1053:10:vPortEnterCritical	8	static
C:/FreeRTOS-Kernel/portable/GCC/ARM_CM33_NTZ/non_secure/port.c:1064:10:vPortExitCritical	8	static
C:/FreeRTOS-Kernel/portable/GCC/ARM_CM33_NTZ/non_secure/port.c:1077:6:SysTick_Handler	16	static
C:/FreeRTOS-Kernel/portable/GCC/ARM_CM33_NTZ/non_secure/port.c:1108:6:vPortSVCHandler_C	24	static
C:/FreeRTOS-Kernel/portable/GCC/ARM_CM33_NTZ/non_secure/port.c:1652:19:pxPortInitialiseStack	24	static
C:/FreeRTOS-Kernel/portable/GCC/ARM_CM33_NTZ/non_secure/port.c:1749:12:xPortStartScheduler	16	static
C:/FreeRTOS-Kernel/portable/GCC/ARM_CM33_NTZ/non_secure/port.c:1875:6:vPortEndScheduler	8	static
C:/FreeRTOS-Kernel/portable/GCC/ARM_CM33_NTZ/non_secure/port.c:2082:12:xPortIsInsideInterrupt	16	static
C:/FreeRTOS-Kernel/portable/GCC/ARM_CM33_NTZ/non_secure/port.c:2107:10:vPortValidateInterruptPriority	16	static
C:/FreeRTOS-Kernel/portable/GCC/ARM_CM33_NTZ/non_secure/port.c:2166:6:vPortConfigureInterruptPriorities	16	static
